Component: ARM Compiler 5.06 update 6 (build 750) Tool: armlink [4d35ed]

==============================================================================

Section Cross References

    our_service.o(i.our_service_init) refers to app_error.o(i.app_error_handler_bare) for app_error_handler_bare
    our_service.o(i.our_service_init) refers to our_service.o(.constdata) for .constdata
    main.o(i.advertising_start) refers to nrf_log_frontend.o(i.nrf_log_frontend_std_0) for nrf_log_frontend_std_0
    main.o(i.advertising_start) refers to peer_manager.o(i.pm_peers_delete) for pm_peers_delete
    main.o(i.advertising_start) refers to ble_advertising.o(i.ble_advertising_start) for ble_advertising_start
    main.o(i.advertising_start) refers to app_error.o(i.app_error_handler_bare) for app_error_handler_bare
    main.o(i.advertising_start) refers to nrf_log_frontend.o(log_const_data) for m_nrf_log_app_logs_data_const
    main.o(i.advertising_start) refers to main.o(.bss) for .bss
    main.o(i.assert_nrf_callback) refers to app_error_handler_keil.o(.emb_text) for app_error_handler
    main.o(i.ble_evt_handler) refers to nrf_log_frontend.o(i.nrf_log_frontend_std_0) for nrf_log_frontend_std_0
    main.o(i.ble_evt_handler) refers to bsp.o(i.bsp_indication_set) for bsp_indication_set
    main.o(i.ble_evt_handler) refers to app_error.o(i.app_error_handler_bare) for app_error_handler_bare
    main.o(i.ble_evt_handler) refers to nrf_ble_qwr.o(i.nrf_ble_qwr_conn_handle_assign) for nrf_ble_qwr_conn_handle_assign
    main.o(i.ble_evt_handler) refers to nrf_log_frontend.o(log_const_data) for m_nrf_log_app_logs_data_const
    main.o(i.ble_evt_handler) refers to main.o(.data) for .data
    main.o(i.ble_evt_handler) refers to main.o(.bss) for .bss
    main.o(i.bsp_event_handler) refers to main.o(i.sleep_mode_enter) for sleep_mode_enter
    main.o(i.bsp_event_handler) refers to app_error.o(i.app_error_handler_bare) for app_error_handler_bare
    main.o(i.bsp_event_handler) refers to ble_advertising.o(i.ble_advertising_restart_without_whitelist) for ble_advertising_restart_without_whitelist
    main.o(i.bsp_event_handler) refers to main.o(.data) for .data
    main.o(i.bsp_event_handler) refers to main.o(.bss) for .bss
    main.o(i.conn_params_error_handler) refers to app_error.o(i.app_error_handler_bare) for app_error_handler_bare
    main.o(i.main) refers to nrf_log_frontend.o(i.nrf_log_init) for nrf_log_init
    main.o(i.main) refers to app_error.o(i.app_error_handler_bare) for app_error_handler_bare
    main.o(i.main) refers to nrf_log_default_backends.o(i.nrf_log_default_backends_init) for nrf_log_default_backends_init
    main.o(i.main) refers to app_timer2.o(i.app_timer_init) for app_timer_init
    main.o(i.main) refers to bsp.o(i.bsp_init) for bsp_init
    main.o(i.main) refers to bsp_btn_ble.o(i.bsp_btn_ble_init) for bsp_btn_ble_init
    main.o(i.main) refers to nrf_pwr_mgmt.o(i.nrf_pwr_mgmt_init) for nrf_pwr_mgmt_init
    main.o(i.main) refers to nrf_sdh.o(i.nrf_sdh_enable_request) for nrf_sdh_enable_request
    main.o(i.main) refers to nrf_sdh_ble.o(i.nrf_sdh_ble_default_cfg_set) for nrf_sdh_ble_default_cfg_set
    main.o(i.main) refers to nrf_sdh_ble.o(i.nrf_sdh_ble_enable) for nrf_sdh_ble_enable
    main.o(i.main) refers to nrf_ble_gatt.o(i.nrf_ble_gatt_init) for nrf_ble_gatt_init
    main.o(i.main) refers to nrf_ble_qwr.o(i.nrf_ble_qwr_init) for nrf_ble_qwr_init
    main.o(i.main) refers to our_service.o(i.our_service_init) for our_service_init
    main.o(i.main) refers to memseta.o(.text) for __aeabi_memclr4
    main.o(i.main) refers to ble_advertising.o(i.ble_advertising_init) for ble_advertising_init
    main.o(i.main) refers to ble_advertising.o(i.ble_advertising_conn_cfg_tag_set) for ble_advertising_conn_cfg_tag_set
    main.o(i.main) refers to ble_conn_params.o(i.ble_conn_params_init) for ble_conn_params_init
    main.o(i.main) refers to main.o(i.peer_manager_init) for peer_manager_init
    main.o(i.main) refers to nrf_log_frontend.o(i.nrf_log_frontend_std_0) for nrf_log_frontend_std_0
    main.o(i.main) refers to main.o(i.advertising_start) for advertising_start
    main.o(i.main) refers to nrf_log_frontend.o(i.nrf_log_frontend_dequeue) for nrf_log_frontend_dequeue
    main.o(i.main) refers to nrf_pwr_mgmt.o(i.nrf_pwr_mgmt_run) for nrf_pwr_mgmt_run
    main.o(i.main) refers to main.o(i.bsp_event_handler) for bsp_event_handler
    main.o(i.main) refers to main.o(.bss) for .bss
    main.o(i.main) refers to main.o(i.nrf_qwr_error_handler) for nrf_qwr_error_handler
    main.o(i.main) refers to main.o(.data) for .data
    main.o(i.main) refers to main.o(i.on_adv_evt) for on_adv_evt
    main.o(i.main) refers to main.o(i.on_conn_params_evt) for on_conn_params_evt
    main.o(i.main) refers to main.o(i.conn_params_error_handler) for conn_params_error_handler
    main.o(i.main) refers to nrf_log_frontend.o(log_const_data) for m_nrf_log_app_logs_data_const
[...]
    m_nrf_log_nrf_sdh_logs_data_const        0x0003274c   Data           8  nrf_sdh.o(log_const_data)
    m_nrf_log_nrf_sdh_ble_logs_data_const    0x00032754   Data           8  nrf_sdh_ble.o(log_const_data)
    m_nrf_log_nrf_sdh_soc_logs_data_const    0x0003275c   Data           8  nrf_sdh_soc.o(log_const_data)
    log_const_data$$Limit                    0x00032764   Number         0  nrf_sdh_soc.o(log_const_data)
    log_mempool                              0x00032764   Data          20  nrf_log_frontend.o(nrf_balloc)
    sdh_ble_observers0$$Base                 0x00032778   Number         0  ble_conn_state.o(sdh_ble_observers0)
    sdh_ble_observers0$$Limit                0x00032780   Number         0  ble_conn_state.o(sdh_ble_observers0)
    sdh_ble_observers1$$Base                 0x00032780   Number         0  main.o(sdh_ble_observers1)
    sdh_ble_observers1$$Limit                0x000327a8   Number         0  peer_manager.o(sdh_ble_observers1)
    sdh_ble_observers2$$Base                 0x000327a8   Number         0  main.o(sdh_ble_observers2)
    sdh_ble_observers2$$Limit                0x000327b0   Number         0  main.o(sdh_ble_observers2)
    sdh_ble_observers3$$Base                 0x000327b0   Number         0  main.o(sdh_ble_observers3)
    m_req_obs                                0x000327b8   Data           8  nrf_fstorage_sd.o(sdh_req_observers0)
    sdh_ble_observers3$$Limit                0x000327b8   Number         0  main.o(sdh_ble_observers3)
    sdh_req_observers0$$Base                 0x000327b8   Number         0  nrf_fstorage_sd.o(sdh_req_observers0)
    sdh_req_observers0$$Limit                0x000327c0   Number         0  nrf_fstorage_sd.o(sdh_req_observers0)
    sdh_soc_observers0$$Base                 0x000327c0   Number         0  nrf_drv_clock.o(sdh_soc_observers0)
    sdh_soc_observers0$$Limit                0x000327d0   Number         0  nrf_fstorage_sd.o(sdh_soc_observers0)
    sdh_stack_observers0$$Base               0x000327d0   Number         0  nrf_sdh_ble.o(sdh_stack_observers0)
    sdh_stack_observers0$$Limit              0x000327e0   Number         0  nrf_sdh_soc.o(sdh_stack_observers0)
    sdh_state_observers0$$Base               0x000327e0   Number         0  nrf_drv_clock.o(sdh_state_observers0)
    sdh_state_observers0$$Limit              0x000327f0   Number         0  nrf_fstorage_sd.o(sdh_state_observers0)
    Image$$RW_IRAM1$$Base                    0x20002400   Number         0  anon$$obj.o ABSOLUTE
    my_service                               0x20002402   Data           2  main.o(.data)
    my_service_uuid                          0x20002404   Data           4  main.o(.data)
    nrf_drv_uart_use_easy_dma                0x20002488   Data           2  nrf_drv_uart.o(.data)
    m_uart                                   0x2000253c   Data          20  nrf_log_backend_uart.o(.data)
    SystemCoreClock                          0x200025b0   Data           4  system_nrf52840.o(.data)
    fs_data$$Base                            0x200025b4   Number         0  fds.o(fs_data)
    m_fs                                     0x200025b4   Data          20  fds.o(fs_data)
    fs_data$$Limit                           0x200025c8   Number         0  fds.o(fs_data)
    nrf_nvic_state                           0x20002fb8   Data          12  app_util_platform.o(.bss)
    __initial_sp                             0x20005728   Data           0  arm_startup_nrf52840.o(STACK)



==============================================================================

Memory Map of the image

  Image Entry point : 0x00027201

  Load Region LR_IROM1 (Base: 0x00027000, Size: 0x0000b9b8, Max: 0x000d9000, ABSOLUTE, COMPRESSED[0x0000b850])

    Execution Region ER_IROM1 (Exec base: 0x00027000, Load base: 0x00027000, Size: 0x0000b7f0, Max: 0x000d9000, ABSOLUTE)

    Exec Addr    Load Addr    Size         Type   Attr      Idx    E Section Name        Object

    0x00027000   0x00027000   0x00000200   Data   RO         7173    RESET               arm_startup_nrf52840.o
    0x00027200   0x00027200   0x00000000   Code   RO         7229  * .ARM.Collect$$$$00000000  mc_w.l(entry.o)
    0x00027200   0x00027200   0x00000004   Code   RO         7283    .ARM.Collect$$$$00000001  mc_w.l(entry2.o)
    0x00027204   0x00027204   0x00000004   Code   RO         7286    .ARM.Collect$$$$00000004  mc_w.l(entry5.o)
    0x00027208   0x00027208   0x00000000   Code   RO         7288    .ARM.Collect$$$$00000008  mc_w.l(entry7b.o)
    0x00027208   0x00027208   0x00000000   Code   RO         7290    .ARM.Collect$$$$0000000A  mc_w.l(entry8b.o)
    0x00027208   0x00027208   0x00000008   Code   RO         7291    .ARM.Collect$$$$0000000B  mc_w.l(entry9a.o)
    0x00027210   0x00027210   0x00000000   Code   RO         7293    .ARM.Collect$$$$0000000D  mc_w.l(entry10a.o)
    0x00027210   0x00027210   0x00000000   Code   RO         7295    .ARM.Collect$$$$0000000F  mc_w.l(entry11a.o)
    0x00027210   0x00027210   0x00000004   Code   RO         7284    .ARM.Collect$$$$00002712  mc_w.l(entry2.o)
    0x00027214   0x00027214   0x000000c8   Code   RO         5252    .emb_text           nrf_atfifo.o
    0x000272dc   0x000272dc   0x000000e2   Code   RO         5388    .emb_text           nrf_atomic.o
    0x000273be   0x000273be   0x00000002   PAD
    0x000273c0   0x000273c0   0x00000024   Code   RO         7174    .text               arm_startup_nrf52840.o
    0x000273e4   0x000273e4   0x00000062   Code   RO         7237    .text               mc_w.l(uldiv.o)
    0x00027446   0x00027446   0x0000001e   Code   RO         7239    .text               mc_w.l(llshl.o)
    0x00027464   0x00027464   0x00000008   Code   RO         7241    .text               mc_w.l(ctype_o.o)
    0x0002746c   0x0002746c   0x00000024   Code   RO         7269    .text               mc_w.l(memcpya.o)
    0x00027490   0x00027490   0x00000024   Code   RO         7271    .text               mc_w.l(memseta.o)
    0x000274b4   0x000274b4   0x0000000e   Code   RO         7273    .text               mc_w.l(strlen.o)
    0x000274c2   0x000274c2   0x0000001a   Code   RO         7277    .text               mc_w.l(memcmp.o)
    0x000274dc   0x000274dc   0x00000020   Code   RO         7298    .text               mc_w.l(llushr.o)
    0x000274fc   0x000274fc   0x00000024   Code   RO         7301    .text               mc_w.l(init.o)
    0x00027520   0x00027520   0x00000056   Code   RO         7311    .text               mc_w.l(__dczerorl2.o)
    0x00027576   0x00027576   0x00000002   PAD
    0x00027578   0x00027578   0x000000a4   Code   RO         3479    i.GPIOTE_IRQHandler  nrfx_gpiote.o
    0x0002761c   0x0002761c   0x00000058   Code   RO         3340    i.POWER_CLOCK_IRQHandler  nrfx_clock.o
    0x00027674   0x00027674   0x00000010   Code   RO         4716    i.RTC1_IRQHandler   drv_rtc.o
    0x00027684   0x00027684   0x00000004   Code   RO         6964    i.SWI2_EGU2_IRQHandler  nrf_sdh.o
    0x00027688   0x00027688   0x000001d4   Code   RO         7182    i.SystemInit        system_nrf52840.o
    0x0002785c   0x0002785c   0x0000000c   Code   RO         3804    i.UARTE0_UART0_IRQHandler  nrfx_prs.o
    0x00027868   0x00027868   0x0000000e   Code   RO         7305    i.__scatterload_copy  mc_w.l(handlers.o)
    0x00027876   0x00027876   0x00000002   Code   RO         7306    i.__scatterload_null  mc_w.l(handlers.o)
    0x00027878   0x00027878   0x0000000e   Code   RO         7307    i.__scatterload_zeroinit  mc_w.l(handlers.o)
    0x00027886   0x00027886   0x00000002   PAD
    0x00027888   0x00027888   0x00000024   Code   RO         6965    i.__sd_nvic_app_accessible_irq  nrf_sdh.o
    0x000278ac   0x000278ac   0x00000026   Code   RO         1562    i.addr_compare      id_manager.o
    0x000278d2   0x000278d2   0x0000000c   Code   RO         5640    i.addr_is_aligned32  nrf_fstorage.o
    0x000278de   0x000278de   0x00000018   Code   RO         5641    i.addr_is_within_bounds  nrf_fstorage.o
    0x000278f6   0x000278f6   0x00000010   Code   RO          903    i.adv_set_data_size_max_get  ble_advertising.o
    0x00027906   0x00027906   0x00000036   Code   RO          669    i.advertising_buttons_configure  bsp_btn_ble.o
    0x0002793c   0x0002793c   0x00000050   Code   RO          173    i.advertising_start  main.o
    0x0002798c   0x0002798c   0x00000052   Code   RO         1563    i.ah                id_manager.o
    0x000279de   0x000279de   0x00000006   Code   RO          552    i.alert_timer_handler  bsp.o
    0x000279e4   0x000279e4   0x0000000c   Code   RO         2679    i.allow_repairing   security_dispatcher.o
    0x000279f0   0x000279f0   0x00000024   Code   RO         4227    i.app_button_enable  app_button.o
    0x00027a14   0x00027a14   0x00000080   Code   RO         4228    i.app_button_init   app_button.o
    0x00027a94   0x00027a94   0x00000084   Code   RO         4385    i.app_error_fault_handler  app_error_weak.o
    0x00027b18   0x00027b18   0x00000016   Code   RO         4325    i.app_error_handler_bare  app_error.o
    0x00027b2e   0x00027b2e   0x00000002   PAD
    0x00027b30   0x00027b30   0x0000000c   Code   RO         4480    i.app_timer_cnt_get  app_timer2.o
    0x00027b3c   0x00027b3c   0x00000016   Code   RO         4481    i.app_timer_create  app_timer2.o
    0x00027b52   0x00027b52   0x00000002   PAD
    0x00027b54   0x00027b54   0x0000005c   Code   RO         4482    i.app_timer_init    app_timer2.o
    0x00027bb0   0x00027bb0   0x00000030   Code   RO         4485    i.app_timer_start   app_timer2.o
    0x00027be0   0x00027be0   0x0000000c   Code   RO         4486    i.app_timer_stop    app_timer2.o
    0x00027bec   0x00027bec   0x00000048   Code   RO         4621    i.app_util_critical_region_enter  app_util_platform.o
    0x00027c34   0x00027c34   0x00000034   Code   RO         4622    i.app_util_critical_region_exit  app_util_platform.o
    0x00027c68   0x00027c68   0x00000076   Code   RO         3858    i.apply_config      nrfx_uart.o
    0x00027cde   0x00027cde   0x00000076   Code   RO         4056    i.apply_config      nrfx_uarte.o
    0x00027d54   0x00027d54   0x00000004   Code   RO         1301    i.apply_pending_handle  gatt_cache_manager.o
    0x00027d58   0x00027d58   0x00000180   Code   RO         2680    i.auth_status_success_process  security_dispatcher.o
    0x00027ed8   0x00027ed8   0x00000182   Code   RO          797    i.ble_advdata_encode  ble_advdata.o
    0x0002805a   0x0002805a   0x00000020   Code   RO          799    i.ble_advdata_parse  ble_advdata.o
    0x0002807a   0x0002807a   0x00000046   Code   RO          800    i.ble_advdata_search  ble_advdata.o
    0x000280c0   0x000280c0   0x00000006   Code   RO          905    i.ble_advertising_conn_cfg_tag_set  ble_advertising.o
    0x000280c6   0x000280c6   0x000000e8   Code   RO          906    i.ble_advertising_init  ble_advertising.o
    0x000281ae   0x000281ae   0x0000006a   Code   RO          908    i.ble_advertising_on_ble_evt  ble_advertising.o
    0x00028218   0x00028218   0x0000003a   Code   RO          910    i.ble_advertising_restart_without_whitelist  ble_advertising.o
    0x00028252   0x00028252   0x00000230   Code   RO          911    i.ble_advertising_start  ble_advertising.o
    0x00028482   0x00028482   0x00000002   PAD
    0x00028484   0x00028484   0x00000068   Code   RO          996    i.ble_conn_params_init  ble_conn_params.o
    0x000284ec   0x000284ec   0x00000020   Code   RO         1072    i.ble_conn_state_encrypted  ble_conn_state.o
    0x0002850c   0x0002850c   0x0000002c   Code   RO         1074    i.ble_conn_state_for_each_set_user_flag  ble_conn_state.o
    0x00028538   0x00028538   0x00000020   Code   RO         1076    i.ble_conn_state_lesc  ble_conn_state.o
    0x00028558   0x00028558   0x00000020   Code   RO         1077    i.ble_conn_state_mitm_protected  ble_conn_state.o
    0x00028578   0x00028578   0x00000024   Code   RO         1080    i.ble_conn_state_role  ble_conn_state.o
    0x0002859c   0x0002859c   0x00000024   Code   RO         1081    i.ble_conn_state_status  ble_conn_state.o
    0x000285c0   0x000285c0   0x00000018   Code   RO         1082    i.ble_conn_state_user_flag_acquire  ble_conn_state.o
    0x000285d8   0x000285d8   0x00000030   Code   RO         1083    i.ble_conn_state_user_flag_get  ble_conn_state.o
    0x00028608   0x00028608   0x00000038   Code   RO         1084    i.ble_conn_state_user_flag_set  ble_conn_state.o
    0x00028640   0x00028640   0x00000014   Code   RO         1085    i.ble_conn_state_valid  ble_conn_state.o
    0x00028654   0x00028654   0x00000060   Code   RO          803    i.ble_device_addr_encode  ble_advdata.o
    0x000286b4   0x000286b4   0x000000b4   Code   RO          175    i.ble_evt_handler   main.o
    0x00028768   0x00028768   0x00000070   Code   RO          670    i.ble_evt_handler   bsp_btn_ble.o
    0x000287d8   0x000287d8   0x000000fc   Code   RO          998    i.ble_evt_handler   ble_conn_params.o
    0x000288d4   0x000288d4   0x00000118   Code   RO         1086    i.ble_evt_handler   ble_conn_state.o
    0x000289ec   0x000289ec   0x00000028   Code   RO         2226    i.ble_evt_handler   peer_manager.o
    0x00028a14   0x00028a14   0x00000008   Code   RO         1241    i.ble_srv_is_notification_enabled  ble_srv_common.o
    0x00028a1c   0x00028a1c   0x0000000c   Code   RO          434    i.bsp_board_button_idx_to_pin  boards.o
    0x00028a28   0x00028a28   0x00000028   Code   RO          435    i.bsp_board_button_state_get  boards.o
    0x00028a50   0x00028a50   0x00000054   Code   RO          436    i.bsp_board_init    boards.o
    0x00028aa4   0x00028aa4   0x0000002c   Code   RO          438    i.bsp_board_led_invert  boards.o
    0x00028ad0   0x00028ad0   0x00000010   Code   RO          439    i.bsp_board_led_off  boards.o
    0x00028ae0   0x00028ae0   0x00000010   Code   RO          440    i.bsp_board_led_on  boards.o
    0x00028af0   0x00028af0   0x00000028   Code   RO          441    i.bsp_board_led_state_get  boards.o
    0x00028b18   0x00028b18   0x00000012   Code   RO          442    i.bsp_board_leds_off  boards.o
    0x00028b2a   0x00028b2a   0x00000012   Code   RO          443    i.bsp_board_leds_on  boards.o
    0x00028b3c   0x00028b3c   0x00000024   Code   RO          444    i.bsp_board_pin_to_button_idx  boards.o
    0x00028b60   0x00028b60   0x00000038   Code   RO          671    i.bsp_btn_ble_init  bsp_btn_ble.o
    0x00028b98   0x00028b98   0x0000001e   Code   RO          672    i.bsp_btn_ble_sleep_mode_prepare  bsp_btn_ble.o
    0x00028bb6   0x00028bb6   0x00000002   PAD
    0x00028bb8   0x00028bb8   0x00000090   Code   RO          553    i.bsp_button_event_handler  bsp.o
    0x00028c48   0x00028c48   0x0000000c   Code   RO          554    i.bsp_button_is_pressed  bsp.o
    0x00028c54   0x00028c54   0x0000004c   Code   RO          176    i.bsp_event_handler  main.o
    0x00028ca0   0x00028ca0   0x00000044   Code   RO          557    i.bsp_event_to_button_action_assign  bsp.o
    0x00028ce4   0x00028ce4   0x00000018   Code   RO          558    i.bsp_indication_set  bsp.o
    0x00028cfc   0x00028cfc   0x00000094   Code   RO          559    i.bsp_init          bsp.o
    0x00028d90   0x00028d90   0x000001c8   Code   RO          560    i.bsp_led_indication  bsp.o
    0x00028f58   0x00028f58   0x00000006   Code   RO          562    i.bsp_wakeup_button_enable  bsp.o
    0x00028f5e   0x00028f5e   0x00000002   PAD
    0x00028f60   0x00028f60   0x00000094   Code   RO         6370    i.buf_prealloc      nrf_log_frontend.o
    0x00028ff4   0x00028ff4   0x0000002e   Code   RO         5600    i.buffer_add        nrf_fprintf_format.o
    0x00029022   0x00029022   0x00000002   PAD
    0x00029024   0x00029024   0x00000018   Code   RO         6371    i.buffer_is_empty   nrf_log_frontend.o
    0x0002903c   0x0002903c   0x00000028   Code   RO         4230    i.button_get        app_button.o
    0x00029064   0x00029064   0x00000008   Code   RO          563    i.button_timer_handler  bsp.o
    0x0002906c   0x0002906c   0x00000028   Code   RO         1302    i.car_update_needed  gatt_cache_manager.o
    0x00029094   0x00029094   0x00000040   Code   RO         1303    i.car_update_pending_handle  gatt_cache_manager.o
    0x000290d4   0x000290d4   0x0000001c   Code   RO         3480    i.channel_free      nrfx_gpiote.o
    0x000290f0   0x000290f0   0x00000048   Code   RO         3481    i.channel_port_alloc  nrfx_gpiote.o
    0x00029138   0x00029138   0x00000010   Code   RO         3482    i.channel_port_get  nrfx_gpiote.o
    0x00029148   0x00029148   0x0000003e   Code   RO         2136    i.claim             peer_id.o
    0x00029186   0x00029186   0x00000002   PAD
    0x00029188   0x00029188   0x00000028   Code   RO         2995    i.clock_clk_started_notify  nrf_drv_clock.o
    0x000291b0   0x000291b0   0x0000001c   Code   RO         2996    i.clock_irq_handler  nrf_drv_clock.o
    0x000291cc   0x000291cc   0x00000018   Code   RO         4488    i.compare_func      app_timer2.o
    0x000291e4   0x000291e4   0x0000003e   Code   RO         1087    i.conn_handle_list_get  ble_conn_state.o
    0x00029222   0x00029222   0x00000088   Code   RO          804    i.conn_int_encode   ble_advdata.o
    0x000292aa   0x000292aa   0x00000004   Code   RO          177    i.conn_params_error_handler  main.o
    0x000292ae   0x000292ae   0x00000002   PAD
    0x000292b0   0x000292b0   0x00000048   Code   RO          999    i.conn_params_negotiation  ble_conn_params.o
    0x000292f8   0x000292f8   0x00000044   Code   RO         2681    i.conn_sec_failure  security_dispatcher.o
    0x0002933c   0x0002933c   0x000000c0   Code   RO         1731    i.data_length_update  nrf_ble_gatt.o
    0x000293fc   0x000293fc   0x00000030   Code   RO         1304    i.db_update_pending_handle  gatt_cache_manager.o
    0x0002942c   0x0002942c   0x0000008c   Code   RO         4885    i.delete_execute    fds.o
    0x000294b8   0x000294b8   0x00000048   Code   RO         4231    i.detection_delay_timeout_handler  app_button.o
    0x00029500   0x00029500   0x00000014   Code   RO         6372    i.dropped_sat16_get  nrf_log_frontend.o
    0x00029514   0x00029514   0x00000014   Code   RO         4717    i.drv_rtc_compare_disable  drv_rtc.o
    0x00029528   0x00029528   0x0000000e   Code   RO         4720    i.drv_rtc_compare_pending  drv_rtc.o
    0x00029536   0x00029536   0x00000050   Code   RO         4721    i.drv_rtc_compare_set  drv_rtc.o
    0x00029586   0x00029586   0x00000008   Code   RO         4722    i.drv_rtc_counter_get  drv_rtc.o
    0x0002958e   0x0002958e   0x00000002   PAD
    0x00029590   0x00029590   0x000000d8   Code   RO         4723    i.drv_rtc_init      drv_rtc.o
    0x00029668   0x00029668   0x0000001e   Code   RO         4724    i.drv_rtc_irq_trigger  drv_rtc.o
    0x00029686   0x00029686   0x00000008   Code   RO         4726    i.drv_rtc_overflow_enable  drv_rtc.o
    0x0002968e   0x0002968e   0x00000008   Code   RO         4727    i.drv_rtc_overflow_pending  drv_rtc.o
    0x00029696   0x00029696   0x00000008   Code   RO         4728    i.drv_rtc_start     drv_rtc.o
    0x0002969e   0x0002969e   0x00000008   Code   RO         4729    i.drv_rtc_stop      drv_rtc.o
    0x000296a6   0x000296a6   0x000000de   Code   RO         4734    i.drv_rtc_windowed_compare_set  drv_rtc.o
    0x00029784   0x00029784   0x0000000a   Code   RO         2682    i.encryption_failure  security_dispatcher.o
    0x0002978e   0x0002978e   0x00000002   PAD
    0x00029790   0x00029790   0x0000004c   Code   RO         5727    i.erase             nrf_fstorage_sd.o
    0x000297dc   0x000297dc   0x00000074   Code   RO         4886    i.event_prepare     fds.o
    0x00029850   0x00029850   0x00000020   Code   RO         4887    i.event_send        fds.o
    0x00029870   0x00029870   0x00000054   Code   RO         5728    i.event_send        nrf_fstorage_sd.o
    0x000298c4   0x000298c4   0x00000098   Code   RO         2820    i.events_send_from_err_code  security_manager.o
    0x0002995c   0x0002995c   0x00000012   Code   RO         4735    i.evt_enable        drv_rtc.o
    0x0002996e   0x0002996e   0x00000002   PAD
    0x00029970   0x00029970   0x000000e0   Code   RO         4232    i.evt_handle        app_button.o
    0x00029a50   0x00029a50   0x00000014   Code   RO         4736    i.evt_pending       drv_rtc.o
    0x00029a64   0x00029a64   0x0000001c   Code   RO         1305    i.evt_send          gatt_cache_manager.o
    0x00029a80   0x00029a80   0x0000001c   Code   RO         1467    i.evt_send          gatts_cache_manager.o
    0x00029a9c   0x00029a9c   0x0000002c   Code   RO         2227    i.evt_send          peer_manager.o
    0x00029ac8   0x00029ac8   0x0000001c   Code   RO         2683    i.evt_send          security_dispatcher.o
    0x00029ae4   0x00029ae4   0x0000000c   Code   RO         2821    i.evt_send          security_manager.o
    0x00029af0   0x00029af0   0x000000e0   Code   RO         1874    i.fds_evt_handler   peer_data_storage.o
    0x00029bd0   0x00029bd0   0x00000048   Code   RO         4889    i.fds_file_delete   fds.o
    0x00029c18   0x00029c18   0x00000040   Code   RO         4890    i.fds_gc            fds.o
    0x00029c58   0x00029c58   0x000000e4   Code   RO         4891    i.fds_init          fds.o
    0x00029d3c   0x00029d3c   0x00000048   Code   RO         4892    i.fds_record_close  fds.o
    0x00029d84   0x00029d84   0x0000000e   Code   RO         4894    i.fds_record_find   fds.o
    0x00029d92   0x00029d92   0x00000010   Code   RO         4895    i.fds_record_find_by_key  fds.o
    0x00029da2   0x00029da2   0x00000010   Code   RO         4896    i.fds_record_find_in_file  fds.o
    0x00029db2   0x00029db2   0x00000012   Code   RO         4897    i.fds_record_id_from_desc  fds.o
    0x00029dc4   0x00029dc4   0x0000004c   Code   RO         4899    i.fds_record_open   fds.o
    0x00029e10   0x00029e10   0x00000010   Code   RO         4900    i.fds_record_update  fds.o
    0x00029e20   0x00029e20   0x00000008   Code   RO         4901    i.fds_record_write  fds.o
    0x00029e28   0x00029e28   0x00000030   Code   RO         4903    i.fds_register      fds.o
    0x00029e58   0x00029e58   0x00000014   Code   RO         1875    i.file_id_within_pm_range  peer_data_storage.o
    0x00029e6c   0x00029e6c   0x00000012   Code   RO         2684    i.flag_id_init      security_dispatcher.o
    0x00029e7e   0x00029e7e   0x00000012   Code   RO         2822    i.flag_id_init      security_manager.o
    0x00029e90   0x00029e90   0x0000000a   Code   RO         1088    i.flag_toggle       ble_conn_state.o
    0x00029e9a   0x00029e9a   0x00000028   Code   RO          913    i.flags_set         ble_advertising.o
    0x00029ec2   0x00029ec2   0x00000002   PAD
    0x00029ec4   0x00029ec4   0x00000030   Code   RO         2823    i.flags_set_from_err_code  security_manager.o
    0x00029ef4   0x00029ef4   0x00000030   Code   RO         1089    i.for_each_set_flag  ble_conn_state.o
    0x00029f24   0x00029f24   0x00000006   Code   RO         4907    i.fs_event_handler  fds.o
    0x00029f2a   0x00029f2a   0x00000002   PAD
    0x00029f2c   0x00029f2c   0x00000080   Code   RO         4908    i.gc_execute        fds.o
    0x00029fac   0x00029fac   0x0000004c   Code   RO         4909    i.gc_next_page      fds.o
    0x00029ff8   0x00029ff8   0x00000040   Code   RO         4910    i.gc_page_erase     fds.o
    0x0002a038   0x0002a038   0x00000034   Code   RO         4911    i.gc_record_copy    fds.o
    0x0002a06c   0x0002a06c   0x00000024   Code   RO         4912    i.gc_record_find_next  fds.o
    0x0002a090   0x0002a090   0x00000070   Code   RO         4913    i.gc_state_advance  fds.o
    0x0002a100   0x0002a100   0x00000030   Code   RO         4914    i.gc_swap_pages     fds.o
    0x0002a130   0x0002a130   0x00000230   Code   RO         1306    i.gcm_ble_evt_handler  gatt_cache_manager.o
    0x0002a360   0x0002a360   0x0000003c   Code   RO         1307    i.gcm_im_evt_handler  gatt_cache_manager.o
    0x0002a39c   0x0002a39c   0x00000094   Code   RO         1308    i.gcm_init          gatt_cache_manager.o
    0x0002a430   0x0002a430   0x00000088   Code   RO         1311    i.gcm_pdb_evt_handler  gatt_cache_manager.o
    0x0002a4b8   0x0002a4b8   0x00000034   Code   RO         4489    i.get_now           app_timer2.o
    0x0002a4ec   0x0002a4ec   0x0000003c   Code   RO         4233    i.gpiote_event_handler  app_button.o
    0x0002a528   0x0002a528   0x0000001c   Code   RO         1468    i.gscm_db_change_notification_done  gatts_cache_manager.o
    0x0002a544   0x0002a544   0x00000014   Code   RO         1469    i.gscm_init         gatts_cache_manager.o
    0x0002a558   0x0002a558   0x00000090   Code   RO         1471    i.gscm_local_db_cache_apply  gatts_cache_manager.o
    0x0002a5e8   0x0002a5e8   0x000000ac   Code   RO         1472    i.gscm_local_db_cache_update  gatts_cache_manager.o
    0x0002a694   0x0002a694   0x00000018   Code   RO         1473    i.gscm_pdb_evt_handler  gatts_cache_manager.o
    0x0002a6ac   0x0002a6ac   0x0000001e   Code   RO         1474    i.gscm_service_changed_ind_needed  gatts_cache_manager.o
    0x0002a6ca   0x0002a6ca   0x00000002   PAD
    0x0002a6cc   0x0002a6cc   0x0000005c   Code   RO         1475    i.gscm_service_changed_ind_send  gatts_cache_manager.o
    0x0002a728   0x0002a728   0x0000002c   Code   RO         4915    i.header_check      fds.o
    0x0002a754   0x0002a754   0x00000012   Code   RO         4916    i.header_has_next   fds.o
    0x0002a766   0x0002a766   0x00000046   Code   RO         1564    i.im_address_resolve  id_manager.o
    0x0002a7ac   0x0002a7ac   0x00000038   Code   RO         1565    i.im_ble_addr_get   id_manager.o
    0x0002a7e4   0x0002a7e4   0x000000dc   Code   RO         1566    i.im_ble_evt_handler  id_manager.o
    0x0002a8c0   0x0002a8c0   0x00000040   Code   RO         1567    i.im_conn_handle_get  id_manager.o
    0x0002a900   0x0002a900   0x00000038   Code   RO         1569    i.im_find_duplicate_bonding_data  id_manager.o
    0x0002a938   0x0002a938   0x00000072   Code   RO         1572    i.im_is_duplicate_bonding_data  id_manager.o
    0x0002a9aa   0x0002a9aa   0x00000018   Code   RO         1573    i.im_master_id_is_valid  id_manager.o
    0x0002a9c2   0x0002a9c2   0x0000002a   Code   RO         1574    i.im_master_ids_compare  id_manager.o
    0x0002a9ec   0x0002a9ec   0x00000014   Code   RO         1575    i.im_new_peer_id    id_manager.o
    0x0002aa00   0x0002aa00   0x0000002c   Code   RO         1576    i.im_peer_free      id_manager.o
    0x0002aa2c   0x0002aa2c   0x00000024   Code   RO         1577    i.im_peer_id_get_by_conn_handle  id_manager.o
    0x0002aa50   0x0002aa50   0x0000003c   Code   RO         1578    i.im_peer_id_get_by_master_id  id_manager.o
    0x0002aa8c   0x0002aa8c   0x00000034   Code   RO         5729    i.init              nrf_fstorage_sd.o
    0x0002aac0   0x0002aac0   0x000000c8   Code   RO         4917    i.init_execute      fds.o
    0x0002ab88   0x0002ab88   0x00000014   Code   RO         1000    i.instance_get      ble_conn_params.o
    0x0002ab9c   0x0002ab9c   0x000000a6   Code   RO         5601    i.int_print         nrf_fprintf_format.o
    0x0002ac42   0x0002ac42   0x00000002   PAD
    0x0002ac44   0x0002ac44   0x00000088   Code   RO         4057    i.interrupts_enable  nrfx_uarte.o
    0x0002accc   0x0002accc   0x00000034   Code   RO         6373    i.invalid_packets_omit  nrf_log_frontend.o
    0x0002ad00   0x0002ad00   0x00000010   Code   RO         5730    i.is_busy           nrf_fstorage_sd.o
    0x0002ad10   0x0002ad10   0x00000044   Code   RO         1001    i.is_conn_params_ok  ble_conn_params.o
    0x0002ad54   0x0002ad54   0x00000014   Code   RO         1583    i.is_valid_irk      id_manager.o
    0x0002ad68   0x0002ad68   0x0000000c   Code   RO         4918    i.is_word_aligned   fds.o
    0x0002ad74   0x0002ad74   0x00000030   Code   RO          564    i.leds_off          bsp.o
    0x0002ada4   0x0002ada4   0x00000014   Code   RO          565    i.leds_timer_handler  bsp.o
    0x0002adb8   0x0002adb8   0x00000014   Code   RO         1732    i.link_init         nrf_ble_gatt.o
    0x0002adcc   0x0002adcc   0x000000d0   Code   RO         2824    i.link_secure       security_manager.o
    0x0002ae9c   0x0002ae9c   0x0000003c   Code   RO         2685    i.link_secure_failure  security_dispatcher.o
    0x0002aed8   0x0002aed8   0x0000002c   Code   RO         2825    i.link_secure_pending_handle  security_manager.o
    0x0002af04   0x0002af04   0x000000a8   Code   RO         1312    i.local_db_apply_in_evt  gatt_cache_manager.o
    0x0002afac   0x0002afac   0x00000010   Code   RO         1313    i.local_db_update   gatt_cache_manager.o
    0x0002afbc   0x0002afbc   0x0000010c   Code   RO         1314    i.local_db_update_in_evt  gatt_cache_manager.o
    0x0002b0c8   0x0002b0c8   0x000000a4   Code   RO         6374    i.log_skip          nrf_log_frontend.o
    0x0002b16c   0x0002b16c   0x000001e4   Code   RO          178    i.main              main.o
    0x0002b350   0x0002b350   0x00000064   Code   RO          805    i.manuf_specific_data_encode  ble_advdata.o
    0x0002b3b4   0x0002b3b4   0x0000007e   Code   RO         5839    i.memobj_op         nrf_memobj.o
    0x0002b432   0x0002b432   0x00000002   PAD
    0x0002b434   0x0002b434   0x00000030   Code   RO         6375    i.module_idx_get    nrf_log_frontend.o
    0x0002b464   0x0002b464   0x00000008   Code   RO         2632    i.mutex_lock_status_get  pm_buffer.o
    0x0002b46c   0x0002b46c   0x000000a6   Code   RO          806    i.name_encode       ble_advdata.o
    0x0002b512   0x0002b512   0x00000002   PAD
    0x0002b514   0x0002b514   0x00000014   Code   RO         2826    i.new_context_get   security_manager.o
    0x0002b528   0x0002b528   0x00000032   Code   RO         2827    i.new_evt           security_manager.o
    0x0002b55a   0x0002b55a   0x00000030   Code   RO         2137    i.next_id_get       peer_id.o
    0x0002b58a   0x0002b58a   0x00000010   Code   RO         5254    i.nrf_atfifo_clear  nrf_atfifo.o
    0x0002b59a   0x0002b59a   0x00000026   Code   RO         5256    i.nrf_atfifo_init   nrf_atfifo.o
    0x0002b5c0   0x0002b5c0   0x00000016   Code   RO         5257    i.nrf_atfifo_item_alloc  nrf_atfifo.o
    0x0002b5d6   0x0002b5d6   0x00000016   Code   RO         5258    i.nrf_atfifo_item_free  nrf_atfifo.o
    0x0002b5ec   0x0002b5ec   0x00000016   Code   RO         5259    i.nrf_atfifo_item_get  nrf_atfifo.o
    0x0002b602   0x0002b602   0x00000016   Code   RO         5260    i.nrf_atfifo_item_put  nrf_atfifo.o
    0x0002b618   0x0002b618   0x00000016   Code   RO         5322    i.nrf_atflags_clear  nrf_atflags.o
    0x0002b62e   0x0002b62e   0x00000020   Code   RO         5324    i.nrf_atflags_fetch_set  nrf_atflags.o
    0x0002b64e   0x0002b64e   0x0000004a   Code   RO         5326    i.nrf_atflags_find_and_set_flag  nrf_atflags.o
    0x0002b698   0x0002b698   0x00000016   Code   RO         5327    i.nrf_atflags_get   nrf_atflags.o
    0x0002b6ae   0x0002b6ae   0x00000014   Code   RO         5329    i.nrf_atflags_set   nrf_atflags.o
    0x0002b6c2   0x0002b6c2   0x00000006   Code   RO         5390    i.nrf_atomic_flag_clear_fetch  nrf_atomic.o
    0x0002b6c8   0x0002b6c8   0x00000006   Code   RO         5391    i.nrf_atomic_flag_set  nrf_atomic.o
    0x0002b6ce   0x0002b6ce   0x00000006   Code   RO         5392    i.nrf_atomic_flag_set_fetch  nrf_atomic.o
    0x0002b6d4   0x0002b6d4   0x0000000c   Code   RO         5393    i.nrf_atomic_u32_add  nrf_atomic.o
    0x0002b6e0   0x0002b6e0   0x0000000c   Code   RO         5394    i.nrf_atomic_u32_and  nrf_atomic.o
    0x0002b6ec   0x0002b6ec   0x0000000a   Code   RO         5396    i.nrf_atomic_u32_fetch_add  nrf_atomic.o
    0x0002b6f6   0x0002b6f6   0x0000000a   Code   RO         5397    i.nrf_atomic_u32_fetch_and  nrf_atomic.o
    0x0002b700   0x0002b700   0x0000000a   Code   RO         5398    i.nrf_atomic_u32_fetch_or  nrf_atomic.o
    0x0002b70a   0x0002b70a   0x0000000a   Code   RO         5399    i.nrf_atomic_u32_fetch_store  nrf_atomic.o
    0x0002b714   0x0002b714   0x0000000c   Code   RO         5403    i.nrf_atomic_u32_or  nrf_atomic.o
    0x0002b720   0x0002b720   0x0000000c   Code   RO         5405    i.nrf_atomic_u32_sub  nrf_atomic.o
    0x0002b72c   0x0002b72c   0x00000044   Code   RO         5524    i.nrf_balloc_alloc  nrf_balloc.o
    0x0002b770   0x0002b770   0x00000030   Code   RO         5525    i.nrf_balloc_free   nrf_balloc.o
    0x0002b7a0   0x0002b7a0   0x00000030   Code   RO         5526    i.nrf_balloc_init   nrf_balloc.o
    0x0002b7d0   0x0002b7d0   0x00000010   Code   RO         3483    i.nrf_bitmask_bit_is_set  nrfx_gpiote.o
    0x0002b7e0   0x0002b7e0   0x00000022   Code   RO         1738    i.nrf_ble_gatt_init  nrf_ble_gatt.o
    0x0002b802   0x0002b802   0x00000002   PAD
    0x0002b804   0x0002b804   0x00000150   Code   RO         1739    i.nrf_ble_gatt_on_ble_evt  nrf_ble_gatt.o
    0x0002b954   0x0002b954   0x00000016   Code   RO         1833    i.nrf_ble_qwr_conn_handle_assign  nrf_ble_qwr.o
    0x0002b96a   0x0002b96a   0x00000024   Code   RO         1834    i.nrf_ble_qwr_init  nrf_ble_qwr.o
    0x0002b98e   0x0002b98e   0x000000b6   Code   RO         1835    i.nrf_ble_qwr_on_ble_evt  nrf_ble_qwr.o
    0x0002ba44   0x0002ba44   0x0000000e   Code   RO         3341    i.nrf_clock_event_check  nrfx_clock.o
    0x0002ba52   0x0002ba52   0x00000010   Code   RO         3342    i.nrf_clock_event_clear  nrfx_clock.o
    0x0002ba62   0x0002ba62   0x00000002   PAD
    0x0002ba64   0x0002ba64   0x00000040   Code   RO         3003    i.nrf_drv_clock_init  nrf_drv_clock.o
    0x0002baa4   0x0002baa4   0x00000034   Code   RO         3007    i.nrf_drv_clock_lfclk_release  nrf_drv_clock.o
    0x0002bad8   0x0002bad8   0x00000068   Code   RO         3149    i.nrf_drv_uart_init  nrf_drv_uart.o
    0x0002bb40   0x0002bb40   0x0000001a   Code   RO         5561    i.nrf_fprintf       nrf_fprintf.o
    0x0002bb5a   0x0002bb5a   0x00000018   Code   RO         5562    i.nrf_fprintf_buffer_flush  nrf_fprintf.o
    0x0002bb72   0x0002bb72   0x000001da   Code   RO         5602    i.nrf_fprintf_fmt   nrf_fprintf_format.o
    0x0002bd4c   0x0002bd4c   0x00000138   Code   RO         5642    i.nrf_fstorage_erase  nrf_fstorage.o
    0x0002be84   0x0002be84   0x00000094   Code   RO         5643    i.nrf_fstorage_init  nrf_fstorage.o
    0x0002bf18   0x0002bf18   0x00000018   Code   RO         5731    i.nrf_fstorage_sdh_req_handler  nrf_fstorage_sd.o
    0x0002bf30   0x0002bf30   0x00000020   Code   RO         5732    i.nrf_fstorage_sdh_state_handler  nrf_fstorage_sd.o
    0x0002bf50   0x0002bf50   0x000000a4   Code   RO         5733    i.nrf_fstorage_sys_evt_handler  nrf_fstorage_sd.o
    0x0002bff4   0x0002bff4   0x000001dc   Code   RO         5649    i.nrf_fstorage_write  nrf_fstorage.o
    0x0002c1d0   0x0002c1d0   0x00000032   Code   RO          446    i.nrf_gpio_cfg      boards.o
    0x0002c202   0x0002c202   0x00000032   Code   RO         3484    i.nrf_gpio_cfg      nrfx_gpiote.o
    0x0002c234   0x0002c234   0x00000032   Code   RO         3859    i.nrf_gpio_cfg      nrfx_uart.o
    0x0002c266   0x0002c266   0x00000032   Code   RO         4058    i.nrf_gpio_cfg      nrfx_uarte.o
    0x0002c298   0x0002c298   0x00000012   Code   RO         3860    i.nrf_gpio_cfg_default  nrfx_uart.o
    0x0002c2aa   0x0002c2aa   0x00000012   Code   RO         4059    i.nrf_gpio_cfg_default  nrfx_uarte.o
    0x0002c2bc   0x0002c2bc   0x00000012   Code   RO         3861    i.nrf_gpio_cfg_input  nrfx_uart.o
    0x0002c2ce   0x0002c2ce   0x00000012   Code   RO         4060    i.nrf_gpio_cfg_input  nrfx_uarte.o
    0x0002c2e0   0x0002c2e0   0x00000014   Code   RO         3862    i.nrf_gpio_cfg_output  nrfx_uart.o
    0x0002c2f4   0x0002c2f4   0x00000014   Code   RO         4061    i.nrf_gpio_cfg_output  nrfx_uarte.o
    0x0002c308   0x0002c308   0x00000030   Code   RO         3486    i.nrf_gpio_cfg_sense_set  nrfx_gpiote.o
    0x0002c338   0x0002c338   0x00000030   Code   RO         3487    i.nrf_gpio_latches_read_and_clear  nrfx_gpiote.o
    0x0002c368   0x0002c368   0x0000001c   Code   RO          447    i.nrf_gpio_pin_port_decode  boards.o
    0x0002c384   0x0002c384   0x0000001c   Code   RO         3489    i.nrf_gpio_pin_port_decode  nrfx_gpiote.o
    0x0002c3a0   0x0002c3a0   0x0000001c   Code   RO         3863    i.nrf_gpio_pin_port_decode  nrfx_uart.o
    0x0002c3bc   0x0002c3bc   0x0000001c   Code   RO         4062    i.nrf_gpio_pin_port_decode  nrfx_uarte.o
    0x0002c3d8   0x0002c3d8   0x0000002c   Code   RO         3490    i.nrf_gpio_pin_present_check  nrfx_gpiote.o
    0x0002c404   0x0002c404   0x00000016   Code   RO         3491    i.nrf_gpio_pin_read  nrfx_gpiote.o
    0x0002c41a   0x0002c41a   0x00000014   Code   RO         3864    i.nrf_gpio_pin_set  nrfx_uart.o
    0x0002c42e   0x0002c42e   0x00000014   Code   RO         4063    i.nrf_gpio_pin_set  nrfx_uarte.o
    0x0002c442   0x0002c442   0x00000026   Code   RO          448    i.nrf_gpio_pin_write  boards.o
    0x0002c468   0x0002c468   0x00000014   Code   RO         3493    i.nrf_gpiote_event_clear  nrfx_gpiote.o
    0x0002c47c   0x0002c47c   0x00000010   Code   RO         3494    i.nrf_gpiote_event_is_set  nrfx_gpiote.o
    0x0002c48c   0x0002c48c   0x0000005c   Code   RO         6376    i.nrf_log_backend_add  nrf_log_frontend.o
    0x0002c4e8   0x0002c4e8   0x000000c8   Code   RO         6221    i.nrf_log_backend_serial_put  nrf_log_backend_serial.o
    0x0002c5b0   0x0002c5b0   0x00000002   Code   RO         6261    i.nrf_log_backend_uart_flush  nrf_log_backend_uart.o
    0x0002c5b2   0x0002c5b2   0x00000006   Code   RO         6262    i.nrf_log_backend_uart_init  nrf_log_backend_uart.o
    0x0002c5b8   0x0002c5b8   0x0000002c   Code   RO         6263    i.nrf_log_backend_uart_panic_set  nrf_log_backend_uart.o
    0x0002c5e4   0x0002c5e4   0x00000018   Code   RO         6264    i.nrf_log_backend_uart_put  nrf_log_backend_uart.o
    0x0002c5fc   0x0002c5fc   0x00000030   Code   RO         6378    i.nrf_log_color_id_get  nrf_log_frontend.o
    0x0002c62c   0x0002c62c   0x0000001c   Code   RO         6334    i.nrf_log_default_backends_init  nrf_log_default_backends.o
    0x0002c648   0x0002c648   0x00000238   Code   RO         6379    i.nrf_log_frontend_dequeue  nrf_log_frontend.o
    0x0002c880   0x0002c880   0x00000008   Code   RO         6381    i.nrf_log_frontend_std_0  nrf_log_frontend.o
    0x0002c888   0x0002c888   0x0000000e   Code   RO         6382    i.nrf_log_frontend_std_1  nrf_log_frontend.o
    0x0002c896   0x0002c896   0x00000010   Code   RO         6383    i.nrf_log_frontend_std_2  nrf_log_frontend.o
    0x0002c8a6   0x0002c8a6   0x00000012   Code   RO         6384    i.nrf_log_frontend_std_3  nrf_log_frontend.o
    0x0002c8b8   0x0002c8b8   0x000000b0   Code   RO         6557    i.nrf_log_hexdump_entry_process  nrf_log_str_formatter.o
    0x0002c968   0x0002c968   0x00000028   Code   RO         6388    i.nrf_log_init      nrf_log_frontend.o
    0x0002c990   0x0002c990   0x00000014   Code   RO         6389    i.nrf_log_module_cnt_get  nrf_log_frontend.o
    0x0002c9a4   0x0002c9a4   0x0000001c   Code   RO         6392    i.nrf_log_module_name_get  nrf_log_frontend.o
    0x0002c9c0   0x0002c9c0   0x00000028   Code   RO         6393    i.nrf_log_panic     nrf_log_frontend.o
    0x0002c9e8   0x0002c9e8   0x000000b6   Code   RO         6558    i.nrf_log_std_entry_process  nrf_log_str_formatter.o
    0x0002ca9e   0x0002ca9e   0x00000060   Code   RO         5840    i.nrf_memobj_alloc  nrf_memobj.o
    0x0002cafe   0x0002cafe   0x00000032   Code   RO         5841    i.nrf_memobj_free   nrf_memobj.o
    0x0002cb30   0x0002cb30   0x00000008   Code   RO         5842    i.nrf_memobj_get    nrf_memobj.o
    0x0002cb38   0x0002cb38   0x00000004   Code   RO         5843    i.nrf_memobj_pool_init  nrf_memobj.o
    0x0002cb3c   0x0002cb3c   0x0000001e   Code   RO         5844    i.nrf_memobj_put    nrf_memobj.o
    0x0002cb5a   0x0002cb5a   0x00000010   Code   RO         5845    i.nrf_memobj_read   nrf_memobj.o
    0x0002cb6a   0x0002cb6a   0x00000010   Code   RO         5846    i.nrf_memobj_write  nrf_memobj.o
    0x0002cb7a   0x0002cb7a   0x00000002   PAD
    0x0002cb7c   0x0002cb7c   0x00000028   Code   RO         5918    i.nrf_pwr_mgmt_init  nrf_pwr_mgmt.o
    0x0002cba4   0x0002cba4   0x00000044   Code   RO         5919    i.nrf_pwr_mgmt_run  nrf_pwr_mgmt.o
    0x0002cbe8   0x0002cbe8   0x00000004   Code   RO          179    i.nrf_qwr_error_handler  main.o
    0x0002cbec   0x0002cbec   0x0000001c   Code   RO         5992    i.nrf_ringbuf_init  nrf_ringbuf.o
    0x0002cc08   0x0002cc08   0x0000000c   Code   RO         4737    i.nrf_rtc_event_clear  drv_rtc.o
    0x0002cc14   0x0002cc14   0x00000014   Code   RO         7085    i.nrf_sdh_ble_app_ram_start_get  nrf_sdh_ble.o
    0x0002cc28   0x0002cc28   0x00000100   Code   RO         7086    i.nrf_sdh_ble_default_cfg_set  nrf_sdh_ble.o
    0x0002cd28   0x0002cd28   0x00000130   Code   RO         7087    i.nrf_sdh_ble_enable  nrf_sdh_ble.o
    0x0002ce58   0x0002ce58   0x0000005c   Code   RO         7088    i.nrf_sdh_ble_evts_poll  nrf_sdh_ble.o
    0x0002ceb4   0x0002ceb4   0x00000054   Code   RO         6966    i.nrf_sdh_disable_request  nrf_sdh.o
    0x0002cf08   0x0002cf08   0x00000074   Code   RO         6967    i.nrf_sdh_enable_request  nrf_sdh.o
    0x0002cf7c   0x0002cf7c   0x00000024   Code   RO         6968    i.nrf_sdh_evts_poll  nrf_sdh.o
    0x0002cfa0   0x0002cfa0   0x0000000c   Code   RO         6969    i.nrf_sdh_is_enabled  nrf_sdh.o
    0x0002cfac   0x0002cfac   0x0000001c   Code   RO         6971    i.nrf_sdh_request_continue  nrf_sdh.o
    0x0002cfc8   0x0002cfc8   0x0000003c   Code   RO         7139    i.nrf_sdh_soc_evts_poll  nrf_sdh_soc.o
    0x0002d004   0x0002d004   0x0000000a   Code   RO         6050    i.nrf_section_iter_init  nrf_section_iter.o
    0x0002d00e   0x0002d00e   0x00000024   Code   RO         6051    i.nrf_section_iter_item_set  nrf_section_iter.o
    0x0002d032   0x0002d032   0x00000020   Code   RO         6052    i.nrf_section_iter_next  nrf_section_iter.o
    0x0002d052   0x0002d052   0x00000022   Code   RO         6085    i.nrf_sortlist_add  nrf_sortlist.o
    0x0002d074   0x0002d074   0x00000006   Code   RO         6087    i.nrf_sortlist_peek  nrf_sortlist.o
    0x0002d07a   0x0002d07a   0x0000000e   Code   RO         6088    i.nrf_sortlist_pop  nrf_sortlist.o
    0x0002d088   0x0002d088   0x0000001e   Code   RO         6089    i.nrf_sortlist_remove  nrf_sortlist.o
    0x0002d0a6   0x0002d0a6   0x00000002   PAD
    0x0002d0a8   0x0002d0a8   0x00000038   Code   RO         6141    i.nrf_strerror_find  nrf_strerror.o
    0x0002d0e0   0x0002d0e0   0x00000014   Code   RO         6142    i.nrf_strerror_get  nrf_strerror.o
    0x0002d0f4   0x0002d0f4   0x0000000a   Code   RO         3865    i.nrf_uart_event_check  nrfx_uart.o
    0x0002d0fe   0x0002d0fe   0x0000000c   Code   RO         3866    i.nrf_uart_event_clear  nrfx_uart.o
    0x0002d10a   0x0002d10a   0x0000000c   Code   RO         3867    i.nrf_uart_int_enable_check  nrfx_uart.o
    0x0002d116   0x0002d116   0x0000000a   Code   RO         4064    i.nrf_uarte_event_check  nrfx_uarte.o
    0x0002d120   0x0002d120   0x0000000c   Code   RO         4065    i.nrf_uarte_event_clear  nrfx_uarte.o
    0x0002d12c   0x0002d12c   0x00000010   Code   RO         3010    i.nrf_wdt_started   nrf_drv_clock.o
    0x0002d13c   0x0002d13c   0x0000002c   Code   RO         3347    i.nrfx_clock_enable  nrfx_clock.o
    0x0002d168   0x0002d168   0x00000020   Code   RO         3350    i.nrfx_clock_init   nrfx_clock.o
    0x0002d188   0x0002d188   0x00000030   Code   RO         3353    i.nrfx_clock_lfclk_stop  nrfx_clock.o
    0x0002d1b8   0x0002d1b8   0x00000010   Code   RO         4738    i.nrfx_coredep_delay_us  drv_rtc.o
    0x0002d1c8   0x0002d1c8   0x00000098   Code   RO         3500    i.nrfx_gpiote_in_event_enable  nrfx_gpiote.o
    0x0002d260   0x0002d260   0x000000d0   Code   RO         3502    i.nrfx_gpiote_in_init  nrfx_gpiote.o
    0x0002d330   0x0002d330   0x0000000e   Code   RO         3503    i.nrfx_gpiote_in_is_set  nrfx_gpiote.o
    0x0002d33e   0x0002d33e   0x00000002   PAD
    0x0002d340   0x0002d340   0x00000078   Code   RO         3505    i.nrfx_gpiote_init  nrfx_gpiote.o
    0x0002d3b8   0x0002d3b8   0x00000014   Code   RO         3506    i.nrfx_gpiote_is_init  nrfx_gpiote.o
    0x0002d3cc   0x0002d3cc   0x00000010   Code   RO         4066    i.nrfx_is_in_ram    nrfx_uarte.o
    0x0002d3dc   0x0002d3dc   0x0000003a   Code   RO         3805    i.nrfx_prs_acquire  nrfx_prs.o
    0x0002d416   0x0002d416   0x00000012   Code   RO         3806    i.nrfx_prs_release  nrfx_prs.o
    0x0002d428   0x0002d428   0x00000010   Code   RO         3868    i.nrfx_uart_0_irq_handler  nrfx_uart.o
    0x0002d438   0x0002d438   0x000000d4   Code   RO         3870    i.nrfx_uart_init    nrfx_uart.o
    0x0002d50c   0x0002d50c   0x000000a8   Code   RO         3876    i.nrfx_uart_tx      nrfx_uart.o
    0x0002d5b4   0x0002d5b4   0x00000020   Code   RO         3878    i.nrfx_uart_tx_in_progress  nrfx_uart.o
    0x0002d5d4   0x0002d5d4   0x000000c0   Code   RO         3879    i.nrfx_uart_uninit  nrfx_uart.o
    0x0002d694   0x0002d694   0x00000010   Code   RO         4067    i.nrfx_uarte_0_irq_handler  nrfx_uarte.o
    0x0002d6a4   0x0002d6a4   0x0000006c   Code   RO         4069    i.nrfx_uarte_init   nrfx_uarte.o
    0x0002d710   0x0002d710   0x000000ac   Code   RO         4073    i.nrfx_uarte_tx     nrfx_uarte.o
    0x0002d7bc   0x0002d7bc   0x0000001c   Code   RO         4075    i.nrfx_uarte_tx_in_progress  nrfx_uarte.o
    0x0002d7d8   0x0002d7d8   0x00000108   Code   RO         4076    i.nrfx_uarte_uninit  nrfx_uarte.o
    0x0002d8e0   0x0002d8e0   0x00000054   Code   RO          180    i.on_adv_evt        main.o
    0x0002d934   0x0002d934   0x0000001c   Code   RO          181    i.on_conn_params_evt  main.o
    0x0002d950   0x0002d950   0x000000a8   Code   RO         1740    i.on_connected_evt  nrf_ble_gatt.o
    0x0002d9f8   0x0002d9f8   0x000000ac   Code   RO         1741    i.on_exchange_mtu_request_evt  nrf_ble_gatt.o
    0x0002daa4   0x0002daa4   0x0000003c   Code   RO            4    i.our_service_init  our_service.o
    0x0002dae0   0x0002dae0   0x00000024   Code   RO         4919    i.page_identify     fds.o
    0x0002db04   0x0002db04   0x0000001c   Code   RO         4920    i.page_offsets_update  fds.o
    0x0002db20   0x0002db20   0x0000006c   Code   RO         4921    i.page_scan         fds.o
    0x0002db8c   0x0002db8c   0x0000001c   Code   RO         4922    i.page_tag_write_data  fds.o
    0x0002dba8   0x0002dba8   0x00000024   Code   RO         4923    i.page_tag_write_swap  fds.o
    0x0002dbcc   0x0002dbcc   0x00000130   Code   RO         4924    i.pages_init        fds.o
    0x0002dcfc   0x0002dcfc   0x0000000c   Code   RO         2686    i.pairing           security_dispatcher.o
    0x0002dd08   0x0002dd08   0x00000074   Code   RO         2687    i.pairing_failure   security_dispatcher.o
    0x0002dd7c   0x0002dd7c   0x0000002e   Code   RO         2688    i.pairing_success_evt_send  security_dispatcher.o
    0x0002ddaa   0x0002ddaa   0x00000006   Code   RO         2828    i.params_reply_pending_handle  security_manager.o
    0x0002ddb0   0x0002ddb0   0x00000020   Code   RO         2829    i.params_req_send   security_manager.o
    0x0002ddd0   0x0002ddd0   0x0000001c   Code   RO         2017    i.pdb_evt_send      peer_database.o
    0x0002ddec   0x0002ddec   0x00000090   Code   RO         2018    i.pdb_init          peer_database.o
    0x0002de7c   0x0002de7c   0x0000007c   Code   RO         2019    i.pdb_pds_evt_handler  peer_database.o
    0x0002def8   0x0002def8   0x00000006   Code   RO         2020    i.pdb_peer_data_ptr_get  peer_database.o
    0x0002defe   0x0002defe   0x00000002   PAD
    0x0002df00   0x0002df00   0x0000008c   Code   RO         2021    i.pdb_peer_free     peer_database.o
    0x0002df8c   0x0002df8c   0x000000dc   Code   RO         2022    i.pdb_write_buf_get  peer_database.o
    0x0002e068   0x0002e068   0x00000014   Code   RO         2023    i.pdb_write_buf_release  peer_database.o
    0x0002e07c   0x0002e07c   0x00000036   Code   RO         2024    i.pdb_write_buf_store  peer_database.o
    0x0002e0b2   0x0002e0b2   0x00000002   PAD
    0x0002e0b4   0x0002e0b4   0x00000010   Code   RO         1876    i.pds_evt_send      peer_data_storage.o
    0x0002e0c4   0x0002e0c4   0x000000dc   Code   RO         1877    i.pds_init          peer_data_storage.o
    0x0002e1a0   0x0002e1a0   0x00000004   Code   RO         1878    i.pds_next_deleted_peer_id_get  peer_data_storage.o
    0x0002e1a4   0x0002e1a4   0x00000004   Code   RO         1879    i.pds_next_peer_id_get  peer_data_storage.o
    0x0002e1a8   0x0002e1a8   0x00000058   Code   RO         1882    i.pds_peer_data_iterate  peer_data_storage.o
    0x0002e200   0x0002e200   0x00000010   Code   RO         1883    i.pds_peer_data_iterate_prepare  peer_data_storage.o
    0x0002e210   0x0002e210   0x00000072   Code   RO         1884    i.pds_peer_data_read  peer_data_storage.o
    0x0002e282   0x0002e282   0x00000002   PAD
    0x0002e284   0x0002e284   0x000000b4   Code   RO         1885    i.pds_peer_data_store  peer_data_storage.o
    0x0002e338   0x0002e338   0x00000008   Code   RO         1886    i.pds_peer_id_allocate  peer_data_storage.o
    0x0002e340   0x0002e340   0x00000016   Code   RO         1887    i.pds_peer_id_free  peer_data_storage.o
    0x0002e356   0x0002e356   0x00000004   Code   RO         1888    i.pds_peer_id_is_allocated  peer_data_storage.o
    0x0002e35a   0x0002e35a   0x00000002   PAD
    0x0002e35c   0x0002e35c   0x000000a8   Code   RO         1890    i.peer_data_delete_process  peer_data_storage.o
    0x0002e404   0x0002e404   0x00000030   Code   RO         1891    i.peer_data_find    peer_data_storage.o
    0x0002e434   0x0002e434   0x00000024   Code   RO         1892    i.peer_data_id_is_valid  peer_data_storage.o
    0x0002e458   0x0002e458   0x0000001a   Code   RO         2025    i.peer_data_point_to_buffer  peer_database.o
    0x0002e472   0x0002e472   0x00000002   PAD
    0x0002e474   0x0002e474   0x0000000c   Code   RO         2138    i.peer_id_allocate  peer_id.o
    0x0002e480   0x0002e480   0x00000024   Code   RO         2139    i.peer_id_delete    peer_id.o
    0x0002e4a4   0x0002e4a4   0x0000001c   Code   RO         2140    i.peer_id_free      peer_id.o
    0x0002e4c0   0x0002e4c0   0x0000000c   Code   RO         2141    i.peer_id_get_next_deleted  peer_id.o
    0x0002e4cc   0x0002e4cc   0x00000030   Code   RO         2142    i.peer_id_get_next_used  peer_id.o
    0x0002e4fc   0x0002e4fc   0x0000000c   Code   RO         2143    i.peer_id_init      peer_id.o
    0x0002e508   0x0002e508   0x00000014   Code   RO         2144    i.peer_id_is_allocated  peer_id.o
    0x0002e51c   0x0002e51c   0x00000014   Code   RO         2145    i.peer_id_is_deleted  peer_id.o
    0x0002e530   0x0002e530   0x0000006c   Code   RO          182    i.peer_manager_init  main.o
    0x0002e59c   0x0002e59c   0x00000016   Code   RO          914    i.phy_is_valid      ble_advertising.o
    0x0002e5b2   0x0002e5b2   0x00000002   PAD
    0x0002e5b4   0x0002e5b4   0x0000001c   Code   RO         3524    i.pin_configured_set  nrfx_gpiote.o
    0x0002e5d0   0x0002e5d0   0x00000018   Code   RO         3525    i.pin_in_use_by_port  nrfx_gpiote.o
    0x0002e5e8   0x0002e5e8   0x00000018   Code   RO         3526    i.pin_in_use_by_te  nrfx_gpiote.o
    0x0002e600   0x0002e600   0x00000064   Code   RO         2633    i.pm_buffer_block_acquire  pm_buffer.o
    0x0002e664   0x0002e664   0x00000024   Code   RO         2634    i.pm_buffer_init    pm_buffer.o
    0x0002e688   0x0002e688   0x00000028   Code   RO         2635    i.pm_buffer_ptr_get  pm_buffer.o
    0x0002e6b0   0x0002e6b0   0x00000032   Code   RO         2636    i.pm_buffer_release  pm_buffer.o
    0x0002e6e2   0x0002e6e2   0x0000000a   Code   RO         2230    i.pm_conn_sec_config_reply  peer_manager.o
    0x0002e6ec   0x0002e6ec   0x000000fc   Code   RO          183    i.pm_evt_handler    main.o
    0x0002e7e8   0x0002e7e8   0x00000004   Code   RO         2235    i.pm_gcm_evt_handler  peer_manager.o
    0x0002e7ec   0x0002e7ec   0x00000004   Code   RO         2236    i.pm_gscm_evt_handler  peer_manager.o
    0x0002e7f0   0x0002e7f0   0x00000004   Code   RO         2239    i.pm_im_evt_handler  peer_manager.o
    0x0002e7f4   0x0002e7f4   0x000001bc   Code   RO         2240    i.pm_init           peer_manager.o
    0x0002e9b0   0x0002e9b0   0x00000118   Code   RO         2244    i.pm_pdb_evt_handler  peer_manager.o
    0x0002eac8   0x0002eac8   0x00000014   Code   RO         2255    i.pm_peer_delete    peer_manager.o
    0x0002eadc   0x0002eadc   0x000000e8   Code   RO         2260    i.pm_peer_ranks_get  peer_manager.o
    0x0002ebc4   0x0002ebc4   0x00000094   Code   RO         2261    i.pm_peers_delete   peer_manager.o
    0x0002ec58   0x0002ec58   0x0000002c   Code   RO         2264    i.pm_register       peer_manager.o
    0x0002ec84   0x0002ec84   0x00000014   Code   RO         2266    i.pm_sec_params_set  peer_manager.o
    0x0002ec98   0x0002ec98   0x0000000a   Code   RO         2267    i.pm_sm_evt_handler  peer_manager.o
    0x0002eca2   0x0002eca2   0x00000002   PAD
    0x0002eca4   0x0002eca4   0x000000d0   Code   RO         3527    i.port_event_handle  nrfx_gpiote.o
    0x0002ed74   0x0002ed74   0x00000010   Code   RO         3528    i.port_handler_polarity_get  nrfx_gpiote.o
    0x0002ed84   0x0002ed84   0x0000003c   Code   RO         6560    i.postfix_process   nrf_log_str_formatter.o
    0x0002edc0   0x0002edc0   0x00000098   Code   RO         6561    i.prefix_process    nrf_log_str_formatter.o
    0x0002ee58   0x0002ee58   0x00000018   Code   RO         3807    i.prs_box_get       nrfx_prs.o
    0x0002ee70   0x0002ee70   0x0000001c   Code   RO         4925    i.queue_buf_get     fds.o
    0x0002ee8c   0x0002ee8c   0x00000010   Code   RO         4926    i.queue_buf_store   fds.o
    0x0002ee9c   0x0002ee9c   0x00000014   Code   RO         5734    i.queue_free        nrf_fstorage_sd.o
    0x0002eeb0   0x0002eeb0   0x000000a4   Code   RO         4927    i.queue_process     fds.o
    0x0002ef54   0x0002ef54   0x000000a0   Code   RO         5735    i.queue_process     nrf_fstorage_sd.o
    0x0002eff4   0x0002eff4   0x0000001c   Code   RO         4928    i.queue_start       fds.o
    0x0002f010   0x0002f010   0x00000024   Code   RO         5736    i.queue_start       nrf_fstorage_sd.o
    0x0002f034   0x0002f034   0x00000034   Code   RO         2270    i.rank_vars_update  peer_manager.o
    0x0002f068   0x0002f068   0x0000000e   Code   RO         5737    i.read              nrf_fstorage_sd.o
    0x0002f076   0x0002f076   0x00000002   PAD
    0x0002f078   0x0002f078   0x000000a8   Code   RO         2026    i.reattempt_previous_operations  peer_database.o
    0x0002f120   0x0002f120   0x00000090   Code   RO         4929    i.record_find       fds.o
    0x0002f1b0   0x0002f1b0   0x000000a0   Code   RO         4930    i.record_find_by_desc  fds.o
    0x0002f250   0x0002f250   0x0000005c   Code   RO         4931    i.record_find_next  fds.o
    0x0002f2ac   0x0002f2ac   0x0000003c   Code   RO         4932    i.record_header_flag_dirty  fds.o
    0x0002f2e8   0x0002f2e8   0x00000010   Code   RO         2147    i.release           peer_id.o
    0x0002f2f8   0x0002f2f8   0x00000004   Code   RO         5738    i.rmap              nrf_fstorage_sd.o
    0x0002f2fc   0x0002f2fc   0x0000005c   Code   RO         4490    i.rtc_irq           app_timer2.o
    0x0002f358   0x0002f358   0x00000064   Code   RO         4491    i.rtc_schedule      app_timer2.o
    0x0002f3bc   0x0002f3bc   0x00000074   Code   RO         4492    i.rtc_update        app_timer2.o
    0x0002f430   0x0002f430   0x00000032   Code   RO         3880    i.rx_byte           nrfx_uart.o
    0x0002f462   0x0002f462   0x00000016   Code   RO         3881    i.rx_done_event     nrfx_uart.o
    0x0002f478   0x0002f478   0x00000016   Code   RO         4077    i.rx_done_event     nrfx_uarte.o
    0x0002f48e   0x0002f48e   0x00000002   PAD
    0x0002f490   0x0002f490   0x00000024   Code   RO         1315    i.sc_send_pending_handle  gatt_cache_manager.o
    0x0002f4b4   0x0002f4b4   0x00000058   Code   RO         3011    i.sd_state_evt_handler  nrf_drv_clock.o
    0x0002f50c   0x0002f50c   0x00000030   Code   RO         6974    i.sdh_request_observer_notify  nrf_sdh.o
    0x0002f53c   0x0002f53c   0x0000002c   Code   RO         6975    i.sdh_state_observer_notify  nrf_sdh.o
    0x0002f568   0x0002f568   0x000000d8   Code   RO         2689    i.sec_info_request_process  security_dispatcher.o
    0x0002f640   0x0002f640   0x000000f4   Code   RO         2690    i.sec_keyset_fill   security_dispatcher.o
    0x0002f734   0x0002f734   0x00000076   Code   RO         2830    i.sec_params_verify  security_manager.o
    0x0002f7aa   0x0002f7aa   0x00000002   PAD
    0x0002f7ac   0x0002f7ac   0x00000060   Code   RO         2691    i.sec_proc_start    security_dispatcher.o
    0x0002f80c   0x0002f80c   0x0000005c   Code   RO         2831    i.sec_req_process   security_manager.o
    0x0002f868   0x0002f868   0x00000022   Code   RO         2692    i.send_config_req   security_dispatcher.o
    0x0002f88a   0x0002f88a   0x00000002   PAD
    0x0002f88c   0x0002f88c   0x00000010   Code   RO         1002    i.send_error_evt    ble_conn_params.o
    0x0002f89c   0x0002f89c   0x00000028   Code   RO         1316    i.send_unexpected_error  gatt_cache_manager.o
    0x0002f8c4   0x0002f8c4   0x00000028   Code   RO         2693    i.send_unexpected_error  security_dispatcher.o
    0x0002f8ec   0x0002f8ec   0x00000040   Code   RO         6265    i.serial_tx         nrf_log_backend_uart.o
    0x0002f92c   0x0002f92c   0x00000014   Code   RO         1317    i.service_changed_pending_flags_check  gatt_cache_manager.o
    0x0002f940   0x0002f940   0x00000094   Code   RO         1476    i.service_changed_pending_set  gatts_cache_manager.o
    0x0002f9d4   0x0002f9d4   0x00000168   Code   RO         1318    i.service_changed_send_in_evt  gatt_cache_manager.o
    0x0002fb3c   0x0002fb3c   0x00000088   Code   RO          807    i.service_data_encode  ble_advdata.o
    0x0002fbc4   0x0002fbc4   0x00000028   Code   RO          184    i.sleep_mode_enter  main.o
    0x0002fbec   0x0002fbec   0x0000002c   Code   RO         2832    i.sm_ble_evt_handler  security_manager.o
    0x0002fc18   0x0002fc18   0x00000004   Code   RO         2833    i.sm_conn_sec_config_reply  security_manager.o
    0x0002fc1c   0x0002fc1c   0x000000a2   Code   RO         2834    i.sm_conn_sec_status_get  security_manager.o
    0x0002fcbe   0x0002fcbe   0x00000002   PAD
    0x0002fcc0   0x0002fcc0   0x00000058   Code   RO         2835    i.sm_init           security_manager.o
    0x0002fd18   0x0002fd18   0x00000044   Code   RO         2838    i.sm_pdb_evt_handler  security_manager.o
    0x0002fd5c   0x0002fd5c   0x00000028   Code   RO         2839    i.sm_sec_is_sufficient  security_manager.o
    0x0002fd84   0x0002fd84   0x00000034   Code   RO         2841    i.sm_sec_params_set  security_manager.o
    0x0002fdb8   0x0002fdb8   0x0000002c   Code   RO         2842    i.sm_smd_evt_handler  security_manager.o
    0x0002fde4   0x0002fde4   0x000000f4   Code   RO         2694    i.smd_ble_evt_handler  security_dispatcher.o
    0x0002fed8   0x0002fed8   0x00000010   Code   RO         2695    i.smd_conn_sec_config_reply  security_dispatcher.o
    0x0002fee8   0x0002fee8   0x00000068   Code   RO         2696    i.smd_init          security_dispatcher.o
    0x0002ff50   0x0002ff50   0x00000028   Code   RO         2697    i.smd_link_secure   security_dispatcher.o
    0x0002ff78   0x0002ff78   0x000000ac   Code   RO         2698    i.smd_params_reply  security_dispatcher.o
    0x00030024   0x00030024   0x00000040   Code   RO         2843    i.smd_params_reply_perform  security_manager.o
    0x00030064   0x00030064   0x00000018   Code   RO         3012    i.soc_evt_handler   nrf_drv_clock.o
    0x0003007c   0x0003007c   0x00000040   Code   RO         6976    i.softdevice_evt_irq_disable  nrf_sdh.o
    0x000300bc   0x000300bc   0x00000058   Code   RO         6977    i.softdevices_evt_irq_enable  nrf_sdh.o
    0x00030114   0x00030114   0x0000000c   Code   RO         4493    i.sortlist_pop      app_timer2.o
    0x00030120   0x00030120   0x00000030   Code   RO         4234    i.state_set         app_button.o
    0x00030150   0x00030150   0x00000094   Code   RO         6395    i.std_n             nrf_log_frontend.o
    0x000301e4   0x000301e4   0x0000006c   Code   RO         1319    i.store_car_value   gatt_cache_manager.o
    0x00030250   0x00030250   0x00000058   Code   RO         4494    i.timer_expire      app_timer2.o
    0x000302a8   0x000302a8   0x00000078   Code   RO         4495    i.timer_req_process  app_timer2.o
    0x00030320   0x00030320   0x00000038   Code   RO         4496    i.timer_req_schedule  app_timer2.o
    0x00030358   0x00030358   0x00000018   Code   RO         4235    i.timer_start       app_button.o
    0x00030370   0x00030370   0x00000020   Code   RO         3883    i.tx_byte           nrfx_uart.o
    0x00030390   0x00030390   0x0000001a   Code   RO         3884    i.tx_done_event     nrfx_uart.o
    0x000303aa   0x000303aa   0x0000001a   Code   RO         4078    i.tx_done_event     nrfx_uarte.o
    0x000303c4   0x000303c4   0x00000030   Code   RO         3150    i.uart_evt_handler  nrf_drv_uart.o
    0x000303f4   0x000303f4   0x0000000c   Code   RO         6266    i.uart_evt_handler  nrf_log_backend_uart.o
    0x00030400   0x00030400   0x00000050   Code   RO         6267    i.uart_init         nrf_log_backend_uart.o
    0x00030450   0x00030450   0x0000012a   Code   RO         3885    i.uart_irq_handler  nrfx_uart.o
    0x0003057a   0x0003057a   0x00000002   PAD
    0x0003057c   0x0003057c   0x00000030   Code   RO         3151    i.uarte_evt_handler  nrf_drv_uart.o
    0x000305ac   0x000305ac   0x00000112   Code   RO         4079    i.uarte_irq_handler  nrfx_uarte.o
    0x000306be   0x000306be   0x0000000a   Code   RO          808    i.uint16_encode     ble_advdata.o
    0x000306c8   0x000306c8   0x00000020   Code   RO         5739    i.uninit            nrf_fstorage_sd.o
    0x000306e8   0x000306e8   0x000000b4   Code   RO         5603    i.unsigned_print    nrf_fprintf_format.o
    0x0003079c   0x0003079c   0x00000030   Code   RO         1320    i.update_pending_flags_check  gatt_cache_manager.o
    0x000307cc   0x000307cc   0x00000068   Code   RO         1003    i.update_timeout_handler  ble_conn_params.o
    0x00030834   0x00030834   0x00000018   Code   RO          915    i.use_whitelist     ble_advertising.o
    0x0003084c   0x0003084c   0x0000000c   Code   RO         1090    i.user_flag_is_acquired  ble_conn_state.o
    0x00030858   0x00030858   0x00000024   Code   RO         1836    i.user_mem_reply    nrf_ble_qwr.o
    0x0003087c   0x0003087c   0x00000020   Code   RO         4236    i.usr_event         app_button.o
    0x0003089c   0x0003089c   0x00000030   Code   RO          809    i.uuid_list_encode  ble_advdata.o
    0x000308cc   0x000308cc   0x0000009e   Code   RO          810    i.uuid_list_sized_encode  ble_advdata.o
    0x0003096a   0x0003096a   0x00000002   PAD
    0x0003096c   0x0003096c   0x0000004c   Code   RO          566    i.wakeup_button_cfg  bsp.o
    0x000309b8   0x000309b8   0x00000004   Code   RO         5740    i.wmap              nrf_fstorage_sd.o
    0x000309bc   0x000309bc   0x00000050   Code   RO         5741    i.write             nrf_fstorage_sd.o
    0x00030a0c   0x00030a0c   0x0000014c   Code   RO         2027    i.write_buf_store   peer_database.o
    0x00030b58   0x00030b58   0x00000034   Code   RO         2028    i.write_buffer_record_find  peer_database.o
    0x00030b8c   0x00030b8c   0x00000030   Code   RO         2029    i.write_buffer_record_find_next  peer_database.o
    0x00030bbc   0x00030bbc   0x0000001c   Code   RO         2030    i.write_buffer_record_invalidate  peer_database.o
    0x00030bd8   0x00030bd8   0x0000002c   Code   RO         2031    i.write_buffer_record_release  peer_database.o
    0x00030c04   0x00030c04   0x000000f4   Code   RO         4934    i.write_enqueue     fds.o
    0x00030cf8   0x00030cf8   0x000000f8   Code   RO         4935    i.write_execute     fds.o
    0x00030df0   0x00030df0   0x00000018   Code   RO         4936    i.write_space_free  fds.o
    0x00030e08   0x00030e08   0x00000060   Code   RO         4937    i.write_space_reserve  fds.o
    0x00030e68   0x00030e68   0x00000010   Data   RO            5    .constdata          our_service.o
    0x00030e78   0x00030e78   0x00000008   Data   RO          449    .constdata          boards.o
    0x00030e80   0x00030e80   0x0000002c   Data   RO          571    .constdata          bsp.o
    0x00030eac   0x00030eac   0x0000006c   Data   RO         1321    .constdata          gatt_cache_manager.o
    0x00030f18   0x00030f18   0x00000004   Data   RO         1477    .constdata          gatts_cache_manager.o
    0x00030f1c   0x00030f1c   0x00000010   Data   RO         1478    .constdata          gatts_cache_manager.o
    0x00030f2c   0x00030f2c   0x00000004   Data   RO         1479    .constdata          gatts_cache_manager.o
    0x00030f30   0x00030f30   0x00000008   Data   RO         1586    .constdata          id_manager.o
    0x00030f38   0x00030f38   0x00000016   Data   RO         1742    .constdata          nrf_ble_gatt.o
    0x00030f4e   0x00030f4e   0x00000002   PAD
    0x00030f50   0x00030f50   0x00000018   Data   RO         1893    .constdata          peer_data_storage.o
    0x00030f68   0x00030f68   0x00000010   Data   RO         2033    .constdata          peer_database.o
    0x00030f78   0x00030f78   0x0000002c   Data   RO         2272    .constdata          peer_manager.o
    0x00030fa4   0x00030fa4   0x00000078   Data   RO         2700    .constdata          security_dispatcher.o
    0x0003101c   0x0003101c   0x00000008   Data   RO         2844    .constdata          security_manager.o
    0x00031024   0x00031024   0x00000008   Data   RO         3530    .constdata          nrfx_gpiote.o
    0x0003102c   0x0003102c   0x00000004   Data   RO         3888    .constdata          nrfx_uart.o
    0x00031030   0x00031030   0x00000004   Data   RO         4082    .constdata          nrfx_uarte.o
    0x00031034   0x00031034   0x00000008   Data   RO         4239    .constdata          app_button.o
    0x0003103c   0x0003103c   0x00000014   Data   RO         4499    .constdata          app_timer2.o
    0x00031050   0x00031050   0x00000006   Data   RO         4739    .constdata          drv_rtc.o
    0x00031056   0x00031056   0x00000002   PAD
    0x00031058   0x00031058   0x00000018   Data   RO         4940    .constdata          fds.o
    0x00031070   0x00031070   0x00000010   Data   RO         5604    .constdata          nrf_fprintf_format.o
    0x00031080   0x00031080   0x0000005e   Data   RO         5650    .constdata          nrf_fstorage.o
    0x000310de   0x000310de   0x00000002   PAD
    0x000310e0   0x000310e0   0x00000010   Data   RO         5744    .constdata          nrf_fstorage_sd.o
    0x000310f0   0x000310f0   0x00000020   Data   RO         5745    .constdata          nrf_fstorage_sd.o
    0x00031110   0x00031110   0x00000018   Data   RO         5923    .constdata          nrf_pwr_mgmt.o
    0x00031128   0x00031128   0x0000000c   Data   RO         5924    .constdata          nrf_pwr_mgmt.o
    0x00031134   0x00031134   0x0000013c   Data   RO         6143    .constdata          nrf_strerror.o
    0x00031270   0x00031270   0x0000000c   Data   RO         6269    .constdata          nrf_log_backend_uart.o
    0x0003127c   0x0003127c   0x00000020   Data   RO         6270    .constdata          nrf_log_backend_uart.o
    0x0003129c   0x0003129c   0x0000000c   Data   RO         6400    .constdata          nrf_log_frontend.o
    0x000312a8   0x000312a8   0x00000010   Data   RO         6978    .constdata          nrf_sdh.o
    0x000312b8   0x000312b8   0x00000028   Data   RO         6979    .constdata          nrf_sdh.o
    0x000312e0   0x000312e0   0x00000010   Data   RO         6980    .constdata          nrf_sdh.o
    0x000312f0   0x000312f0   0x00000010   Data   RO         6981    .constdata          nrf_sdh.o
    0x00031300   0x00031300   0x00000020   Data   RO         7089    .constdata          nrf_sdh_ble.o
    0x00031320   0x00031320   0x00000010   Data   RO         7090    .constdata          nrf_sdh_ble.o
    0x00031330   0x00031330   0x00000010   Data   RO         7140    .constdata          nrf_sdh_soc.o
    0x00031340   0x00031340   0x0000000c   Data   RO         7141    .constdata          nrf_sdh_soc.o
    0x0003134c   0x0003134c   0x00000081   Data   RO         7242    .constdata          mc_w.l(ctype_o.o)
    0x000313cd   0x000313cd   0x00000003   PAD
    0x000313d0   0x000313d0   0x00000004   Data   RO         7243    .constdata          mc_w.l(ctype_o.o)
    0x000313d4   0x000313d4   0x000001a4   Data   RO         1322    .conststring        gatt_cache_manager.o
    0x00031578   0x00031578   0x0000019c   Data   RO         1480    .conststring        gatts_cache_manager.o
    0x00031714   0x00031714   0x000000a2   Data   RO         1743    .conststring        nrf_ble_gatt.o
    0x000317b6   0x000317b6   0x00000002   PAD
    0x000317b8   0x000317b8   0x000000e8   Data   RO         1894    .conststring        peer_data_storage.o
    0x000318a0   0x000318a0   0x00000180   Data   RO         2034    .conststring        peer_database.o
    0x00031a20   0x00031a20   0x00000090   Data   RO         2273    .conststring        peer_manager.o
    0x00031ab0   0x00031ab0   0x000002b2   Data   RO         2701    .conststring        security_dispatcher.o
    0x00031d62   0x00031d62   0x00000002   PAD
    0x00031d64   0x00031d64   0x0000017b   Data   RO         2845    .conststring        security_manager.o
    0x00031edf   0x00031edf   0x00000001   PAD
    0x00031ee0   0x00031ee0   0x0000004f   Data   RO         5651    .conststring        nrf_fstorage.o
    0x00031f2f   0x00031f2f   0x00000001   PAD
    0x00031f30   0x00031f30   0x000003eb   Data   RO         6144    .conststring        nrf_strerror.o
    0x0003231b   0x0003231b   0x00000001   PAD
    0x0003231c   0x0003231c   0x00000066   Data   RO         6562    .conststring        nrf_log_str_formatter.o
    0x00032382   0x00032382   0x00000002   PAD
    0x00032384   0x00032384   0x00000188   Data   RO         7091    .conststring        nrf_sdh_ble.o
    0x0003250c   0x0003250c   0x00000011   Data   RO         1323    .conststrlit        gatt_cache_manager.o
    0x0003251d   0x0003251d   0x00000003   PAD
    0x00032520   0x00032520   0x00000012   Data   RO         1481    .conststrlit        gatts_cache_manager.o
    0x00032532   0x00032532   0x00000002   PAD
    0x00032534   0x00032534   0x00000010   Data   RO         1588    .conststrlit        id_manager.o
    0x00032544   0x00032544   0x0000000d   Data   RO         1744    .conststrlit        nrf_ble_gatt.o
    0x00032551   0x00032551   0x00000003   PAD
    0x00032554   0x00032554   0x00000011   Data   RO         1895    .conststrlit        peer_data_storage.o
    0x00032565   0x00032565   0x00000003   PAD
    0x00032568   0x00032568   0x00000011   Data   RO         2035    .conststrlit        peer_database.o
    0x00032579   0x00032579   0x00000003   PAD
    0x0003257c   0x0003257c   0x0000000d   Data   RO         2274    .conststrlit        peer_manager.o
    0x00032589   0x00032589   0x00000003   PAD
    0x0003258c   0x0003258c   0x00000015   Data   RO         2549    .conststrlit        peer_manager_handler.o
    0x000325a1   0x000325a1   0x00000003   PAD
    0x000325a4   0x000325a4   0x00000011   Data   RO         2702    .conststrlit        security_dispatcher.o
    0x000325b5   0x000325b5   0x00000003   PAD
    0x000325b8   0x000325b8   0x00000010   Data   RO         2846    .conststrlit        security_manager.o
    0x000325c8   0x000325c8   0x00000006   Data   RO         3018    .conststrlit        nrf_drv_clock.o
    0x000325ce   0x000325ce   0x00000002   PAD
    0x000325d0   0x000325d0   0x00000006   Data   RO         3357    .conststrlit        nrfx_clock.o
    0x000325d6   0x000325d6   0x00000002   PAD
    0x000325d8   0x000325d8   0x00000007   Data   RO         3534    .conststrlit        nrfx_gpiote.o
    0x000325df   0x000325df   0x00000001   PAD
    0x000325e0   0x000325e0   0x00000004   Data   RO         3809    .conststrlit        nrfx_prs.o
    0x000325e4   0x000325e4   0x00000005   Data   RO         3891    .conststrlit        nrfx_uart.o
    0x000325e9   0x000325e9   0x00000003   PAD
    0x000325ec   0x000325ec   0x00000006   Data   RO         4085    .conststrlit        nrfx_uarte.o
    0x000325f2   0x000325f2   0x00000002   PAD
    0x000325f4   0x000325f4   0x0000000b   Data   RO         4240    .conststrlit        app_button.o
    0x000325ff   0x000325ff   0x00000001   PAD
    0x00032600   0x00032600   0x0000000a   Data   RO         4500    .conststrlit        app_timer2.o
    0x0003260a   0x0003260a   0x00000002   PAD
    0x0003260c   0x0003260c   0x0000000d   Data   RO         5652    .conststrlit        nrf_fstorage.o
    0x00032619   0x00032619   0x00000003   PAD
    0x0003261c   0x0003261c   0x00000009   Data   RO         5925    .conststrlit        nrf_pwr_mgmt.o
    0x00032625   0x00032625   0x00000003   PAD
    0x00032628   0x00032628   0x00000009   Data   RO         6090    .conststrlit        nrf_sortlist.o
    0x00032631   0x00032631   0x00000003   PAD
    0x00032634   0x00032634   0x00000011   Data   RO         6335    .conststrlit        nrf_log_default_backends.o
    0x00032645   0x00032645   0x00000003   PAD
    0x00032648   0x00032648   0x00000004   Data   RO         6401    .conststrlit        nrf_log_frontend.o
    0x0003264c   0x0003264c   0x00000008   Data   RO         6982    .conststrlit        nrf_sdh.o
    0x00032654   0x00032654   0x0000000c   Data   RO         7092    .conststrlit        nrf_sdh_ble.o
    0x00032660   0x00032660   0x0000000c   Data   RO         7142    .conststrlit        nrf_sdh_soc.o
    0x0003266c   0x0003266c   0x00000020   Data   RO         7303    Region$$Table       anon$$obj.o
    0x0003268c   0x0003268c   0x00000010   Data   RO         6337    log_backends        nrf_log_default_backends.o
    0x0003269c   0x0003269c   0x00000008   Data   RO         1325    log_const_data      gatt_cache_manager.o
    0x000326a4   0x000326a4   0x00000008   Data   RO         1483    log_const_data      gatts_cache_manager.o
    0x000326ac   0x000326ac   0x00000008   Data   RO         1590    log_const_data      id_manager.o
    0x000326b4   0x000326b4   0x00000008   Data   RO         1745    log_const_data      nrf_ble_gatt.o
    0x000326bc   0x000326bc   0x00000008   Data   RO         1897    log_const_data      peer_data_storage.o
    0x000326c4   0x000326c4   0x00000008   Data   RO         2037    log_const_data      peer_database.o
    0x000326cc   0x000326cc   0x00000008   Data   RO         2276    log_const_data      peer_manager.o
    0x000326d4   0x000326d4   0x00000008   Data   RO         2552    log_const_data      peer_manager_handler.o
    0x000326dc   0x000326dc   0x00000008   Data   RO         2704    log_const_data      security_dispatcher.o
    0x000326e4   0x000326e4   0x00000008   Data   RO         2848    log_const_data      security_manager.o
    0x000326ec   0x000326ec   0x00000008   Data   RO         3019    log_const_data      nrf_drv_clock.o
    0x000326f4   0x000326f4   0x00000008   Data   RO         3359    log_const_data      nrfx_clock.o
    0x000326fc   0x000326fc   0x00000008   Data   RO         3535    log_const_data      nrfx_gpiote.o
    0x00032704   0x00032704   0x00000008   Data   RO         3811    log_const_data      nrfx_prs.o
    0x0003270c   0x0003270c   0x00000008   Data   RO         3892    log_const_data      nrfx_uart.o
    0x00032714   0x00032714   0x00000008   Data   RO         4086    log_const_data      nrfx_uarte.o
    0x0003271c   0x0003271c   0x00000008   Data   RO         4242    log_const_data      app_button.o
    0x00032724   0x00032724   0x00000008   Data   RO         4503    log_const_data      app_timer2.o
    0x0003272c   0x0003272c   0x00000008   Data   RO         5653    log_const_data      nrf_fstorage.o
    0x00032734   0x00032734   0x00000008   Data   RO         5927    log_const_data      nrf_pwr_mgmt.o
    0x0003273c   0x0003273c   0x00000008   Data   RO         6091    log_const_data      nrf_sortlist.o
    0x00032744   0x00032744   0x00000008   Data   RO         6405    log_const_data      nrf_log_frontend.o
    0x0003274c   0x0003274c   0x00000008   Data   RO         6984    log_const_data      nrf_sdh.o
    0x00032754   0x00032754   0x00000008   Data   RO         7094    log_const_data      nrf_sdh_ble.o
    0x0003275c   0x0003275c   0x00000008   Data   RO         7143    log_const_data      nrf_sdh_soc.o
    0x00032764   0x00032764   0x00000014   Data   RO         6406    nrf_balloc          nrf_log_frontend.o
    0x00032778   0x00032778   0x00000008   Data   RO         1092    sdh_ble_observers0  ble_conn_state.o
    0x00032780   0x00032780   0x00000010   Data   RO          187    sdh_ble_observers1  main.o
    0x00032790   0x00032790   0x00000008   Data   RO          674    sdh_ble_observers1  bsp_btn_ble.o
    0x00032798   0x00032798   0x00000008   Data   RO         1006    sdh_ble_observers1  ble_conn_params.o
    0x000327a0   0x000327a0   0x00000008   Data   RO         2277    sdh_ble_observers1  peer_manager.o
    0x000327a8   0x000327a8   0x00000008   Data   RO          188    sdh_ble_observers2  main.o
    0x000327b0   0x000327b0   0x00000008   Data   RO          189    sdh_ble_observers3  main.o
    0x000327b8   0x000327b8   0x00000008   Data   RO         5747    sdh_req_observers0  nrf_fstorage_sd.o
    0x000327c0   0x000327c0   0x00000008   Data   RO         3020    sdh_soc_observers0  nrf_drv_clock.o
    0x000327c8   0x000327c8   0x00000008   Data   RO         5748    sdh_soc_observers0  nrf_fstorage_sd.o
    0x000327d0   0x000327d0   0x00000008   Data   RO         7095    sdh_stack_observers0  nrf_sdh_ble.o
    0x000327d8   0x000327d8   0x00000008   Data   RO         7144    sdh_stack_observers0  nrf_sdh_soc.o
    0x000327e0   0x000327e0   0x00000008   Data   RO         3021    sdh_state_observers0  nrf_drv_clock.o
    0x000327e8   0x000327e8   0x00000008   Data   RO         5749    sdh_state_observers0  nrf_fstorage_sd.o


    Execution Region RW_IRAM1 (Exec base: 0x20002400, Load base: 0x000327f0, Size: 0x00003328, Max: 0x0003c400, ABSOLUTE, COMPRESSED[0x00000060])

    Exec Addr    Load Addr    Size         Type   Attr      Idx    E Section Name        Object

    0x20002400   COMPRESSED   0x00000008   Data   RW          186    .data               main.o
    0x20002408   COMPRESSED   0x00000010   Data   RW          572    .data               bsp.o
    0x20002418   COMPRESSED   0x00000008   Data   RW          673    .data               bsp_btn_ble.o
    0x20002420   COMPRESSED   0x00000008   Data   RW         1005    .data               ble_conn_params.o
    0x20002428   COMPRESSED   0x00000010   Data   RW         1324    .data               gatt_cache_manager.o
    0x20002438   COMPRESSED   0x0000000c   Data   RW         1482    .data               gatts_cache_manager.o
    0x20002444   COMPRESSED   0x0000000c   Data   RW         1896    .data               peer_data_storage.o
    0x20002450   COMPRESSED   0x00000008   Data   RW         2036    .data               peer_database.o
    0x20002458   COMPRESSED   0x00000010   Data   RW         2275    .data               peer_manager.o
    0x20002468   COMPRESSED   0x00000005   Data   RW         2703    .data               security_dispatcher.o
    0x2000246d   COMPRESSED   0x00000003   PAD
    0x20002470   COMPRESSED   0x00000015   Data   RW         2847    .data               security_manager.o
    0x20002485   COMPRESSED   0x00000003   PAD
    0x20002488   COMPRESSED   0x00000014   Data   RW         3152    .data               nrf_drv_uart.o
    0x2000249c   COMPRESSED   0x00000008   Data   RW         3358    .data               nrfx_clock.o
    0x200024a4   COMPRESSED   0x00000008   Data   RW         3810    .data               nrfx_prs.o
    0x200024ac   COMPRESSED   0x00000004   PAD
    0x200024b0   COMPRESSED   0x00000018   Data   RW         4241    .data               app_button.o
    0x200024c8   COMPRESSED   0x00000020   Data   RW         4501    .data               app_timer2.o
    0x200024e8   COMPRESSED   0x00000004   Data   RW         4502    .data               app_timer2.o
    0x200024ec   COMPRESSED   0x0000000c   Data   RW         4740    .data               drv_rtc.o
    0x200024f8   COMPRESSED   0x00000030   Data   RW         4941    .data               fds.o
    0x20002528   COMPRESSED   0x00000008   Data   RW         5746    .data               nrf_fstorage_sd.o
    0x20002530   COMPRESSED   0x00000008   Data   RW         5926    .data               nrf_pwr_mgmt.o
    0x20002538   COMPRESSED   0x00000018   Data   RW         6271    .data               nrf_log_backend_uart.o
    0x20002550   COMPRESSED   0x00000008   Data   RW         6336    .data               nrf_log_default_backends.o
    0x20002558   COMPRESSED   0x00000004   Data   RW         6402    .data               nrf_log_frontend.o
    0x2000255c   COMPRESSED   0x00000008   Data   RW         6403    .data               nrf_log_frontend.o
    0x20002564   COMPRESSED   0x00000008   Data   RW         6404    .data               nrf_log_frontend.o
    0x2000256c   COMPRESSED   0x00000040   Data   RW         6563    .data               nrf_log_str_formatter.o
    0x200025ac   COMPRESSED   0x00000003   Data   RW         6983    .data               nrf_sdh.o
    0x200025af   COMPRESSED   0x00000001   Data   RW         7093    .data               nrf_sdh_ble.o
    0x200025b0   COMPRESSED   0x00000004   Data   RW         7183    .data               system_nrf52840.o
    0x200025b4   COMPRESSED   0x00000014   Data   RW         4942    fs_data             fds.o
    0x200025c8        -       0x00000454   Zero   RW          185    .bss                main.o
    0x20002a1c   COMPRESSED   0x00000004   PAD
    0x20002a20        -       0x00000020   Zero   RW          567    .bss                bsp.o
    0x20002a40        -       0x00000020   Zero   RW          568    .bss                bsp.o
    0x20002a60        -       0x0000000c   Zero   RW          569    .bss                bsp.o
    0x20002a6c   COMPRESSED   0x00000004   PAD
    0x20002a70        -       0x00000020   Zero   RW          570    .bss                bsp.o
    0x20002a90        -       0x00000050   Zero   RW         1004    .bss                ble_conn_params.o
    0x20002ae0        -       0x0000007c   Zero   RW         1091    .bss                ble_conn_state.o
    0x20002b5c        -       0x000000d8   Zero   RW         1585    .bss                id_manager.o
    0x20002c34        -       0x00000180   Zero   RW         2032    .bss                peer_database.o
    0x20002db4        -       0x00000040   Zero   RW         2148    .bss                peer_id.o
    0x20002df4        -       0x0000000c   Zero   RW         2271    .bss                peer_manager.o
    0x20002e00        -       0x00000040   Zero   RW         2699    .bss                security_dispatcher.o
    0x20002e40        -       0x00000014   Zero   RW         3013    .bss                nrf_drv_clock.o
    0x20002e54        -       0x0000006c   Zero   RW         3529    .bss                nrfx_gpiote.o
    0x20002ec0        -       0x0000002c   Zero   RW         3886    .bss                nrfx_uart.o
    0x20002eec        -       0x00000024   Zero   RW         4080    .bss                nrfx_uarte.o
    0x20002f10        -       0x00000020   Zero   RW         4237    .bss                app_button.o
    0x20002f30        -       0x00000020   Zero   RW         4238    .bss                app_button.o
    0x20002f50        -       0x00000010   Zero   RW         4497    .bss                app_timer2.o
    0x20002f60        -       0x00000058   Zero   RW         4498    .bss                app_timer2.o
    0x20002fb8        -       0x0000000c   Zero   RW         4627    .bss                app_util_platform.o
    0x20002fc4        -       0x00000010   Zero   RW         4938    .bss                fds.o
    0x20002fd4        -       0x000000e0   Zero   RW         4939    .bss                fds.o
    0x200030b4        -       0x00000010   Zero   RW         5742    .bss                nrf_fstorage_sd.o
    0x200030c4        -       0x000000a0   Zero   RW         5743    .bss                nrf_fstorage_sd.o
    0x20003164        -       0x0000000c   Zero   RW         5922    .bss                nrf_pwr_mgmt.o
    0x20003170        -       0x00000040   Zero   RW         6268    .bss                nrf_log_backend_uart.o
    0x200031b0        -       0x000000c0   Zero   RW         6396    .bss                nrf_log_frontend.o
    0x20003270        -       0x00000080   Zero   RW         6397    .bss                nrf_log_frontend.o
    0x200032f0        -       0x00000018   Zero   RW         6398    .bss                nrf_log_frontend.o
    0x20003308        -       0x00000420   Zero   RW         6399    .bss                nrf_log_frontend.o
    0x20003728        -       0x00002000   Zero   RW         7171    STACK               arm_startup_nrf52840.o


==============================================================================

Image component sizes


      Code (inc. data)   RO Data    RW Data    ZI Data      Debug   Object Name

       664         66         27         24         64      17714   app_button.o
        22          0          0          0          0       2505   app_error.o
       132         46          0          0          0      34117   app_error_weak.o
         0          0          0          0          0      37166   app_scheduler.o
       846         88         38         36        104      16521   app_timer2.o
       124         14          0          0         12      10662   app_util_platform.o
        36          8        512          0       8192        928   arm_startup_nrf52840.o
      1338          0          0          0          0      53328   ble_advdata.o
      1064          6          0          0          0      10983   ble_advertising.o
       636         44          8          8         80       9259   ble_conn_params.o
       772         62          8          0        124      15561   ble_conn_state.o
         8          0          0          0          0       1446   ble_srv_common.o
       440         46          8          0          0      14907   boards.o
      1016         90         44         16        108      15939   bsp.o
       252         10          8          8          0       4768   bsp_btn_ble.o
       704         76          6         12          0      48521   drv_rtc.o
      3576        336         24         68        240      48471   fds.o
      2152        552        553         16          0      33739   gatt_cache_manager.o
       686         84        462         12          0      16535   gatts_cache_manager.o
       946         34         32          0        216      16952   id_manager.o
      1340        316         32          8       1108      67389   main.o
       342          0          0          0          0       6670   nrf_atfifo.o
       170          0          0          0          0       4784   nrf_atflags.o
       332          0          0          0          0      10058   nrf_atomic.o
       164          0          0          0          0       3608   nrf_balloc.o
       922        272        205          0          0      37203   nrf_ble_gatt.o
       276          0          0          0          0       4673   nrf_ble_qwr.o
       312         36         30          0         20      43712   nrf_drv_clock.o
       200         26          0         20          0      17764   nrf_drv_uart.o
        50          0          0          0          0       3509   nrf_fprintf.o
       866          4         16          0          0       6522   nrf_fprintf_format.o
       972        432        194          0          0       7976   nrf_fstorage.o
       798         82         72          8        176      15907   nrf_fstorage_sd.o
       200          0          0          0          0      11589   nrf_log_backend_serial.o
       232         44         44         24         64      15846   nrf_log_backend_uart.o
        28          4         33          8          0       3329   nrf_log_default_backends.o
      1496        128         44         20       1400      30567   nrf_log_frontend.o
       570        108        102         64          0       5620   nrf_log_str_formatter.o
       346          0          0          0          0       9515   nrf_memobj.o
       108         16         53          8         12      40010   nrf_pwr_mgmt.o
        28          0          0          0          0       2351   nrf_ringbuf.o
       560         60        104          3          0      45228   nrf_sdh.o
       672        232        468          1          0       5829   nrf_sdh_ble.o
        60          4         56          0          0       2452   nrf_sdh_soc.o
        78          0          0          0          0       2756   nrf_section_iter.o
        84          0         17          0          0       4073   nrf_sortlist.o
        76         10       1319          0          0       2719   nrf_strerror.o
       242         32         14          8          0      46992   nrfx_clock.o
      1386        108         23          0        108      66617   nrfx_gpiote.o
       112         16         12          8          0       4460   nrfx_prs.o
      1354         48         17          0         44      31445   nrfx_uart.o
      1356         48         18          0         36      26911   nrfx_uarte.o
        60          4         16          0          0     139097   our_service.o
      1172        144        281         12          0      18150   peer_data_storage.o
      1434        260        425          8        384      19394   peer_database.o
       314         38          0          0         64       9083   peer_id.o
      1356        364        217         16         12      17821   peer_manager.o
         0          0         29          0          0       2460   peer_manager_handler.o
       234          0          0          0          0       5411   pm_buffer.o
      1960        274        835          5         64      27543   security_dispatcher.o
      1366        122        411         21          0      54460   security_manager.o
       468         62          0          4          0      12799   system_nrf52840.o

    ----------------------------------------------------------------------
     39584       4856       6912        456      12640    1304324   Object Totals
         0          0         32          0          0          0   (incl. Generated)
        74          0         63         10          8          0   (incl. Padding)

    ----------------------------------------------------------------------

      Code (inc. data)   RO Data    RW Data    ZI Data      Debug   Library Member Name

        86          0          0          0          0          0   __dczerorl2.o
         8          4        133          0          0         68   ctype_o.o
         0          0          0          0          0          0   entry.o
         0          0          0          0          0          0   entry10a.o
         0          0          0          0          0          0   entry11a.o
         8          4          0          0          0          0   entry2.o
         4          0          0          0          0          0   entry5.o
         0          0          0          0          0          0   entry7b.o
         0          0          0          0          0          0   entry8b.o
         8          4          0          0          0          0   entry9a.o
        30          0          0          0          0          0   handlers.o
        36          8          0          0          0         68   init.o
        30          0          0          0          0         68   llshl.o
        32          0          0          0          0         68   llushr.o
        26          0          0          0          0         80   memcmp.o
        36          0          0          0          0         68   memcpya.o
        36          0          0          0          0        108   memseta.o
        14          0          0          0          0         68   strlen.o
        98          0          0          0          0         92   uldiv.o

    ----------------------------------------------------------------------
       456         20        136          0          0        688   Library Totals
         4          0          3          0          0          0   (incl. Padding)

    ----------------------------------------------------------------------

      Code (inc. data)   RO Data    RW Data    ZI Data      Debug   Library Name

       452         20        133          0          0        688   mc_w.l

    ----------------------------------------------------------------------
       456         20        136          0          0        688   Library Totals

    ----------------------------------------------------------------------

==============================================================================


      Code (inc. data)   RO Data    RW Data    ZI Data      Debug   

     40040       4876       7048        456      12640    1252688   Grand Totals
     40040       4876       7048         96      12640    1252688   ELF Image Totals (compressed)
     40040       4876       7048         96          0          0   ROM Totals

==============================================================================

    Total RO  Size (Code + RO Data)                47088 (  45.98kB)
    Total RW  Size (RW Data + ZI Data)             13096 (  12.79kB)
    Total ROM Size (Code + RO Data + RW Data)      47184 (  46.08kB)

==============================================================================

